DB2 Universal Database Version 12.1, 5622-044 (c) Copyright IBM Corp. 1991, 2022
Licensed Material - Program Property of IBM
IBM Db2 Explain Table Format Tool



******************** EXPLAIN INSTANCE ********************

DB2_VERSION:       12.01.0
FORMATTED ON DB:   TPCDS
SOURCE_NAME:       SQLC2Q31
SOURCE_SCHEMA:     NULLID  
SOURCE_VERSION:      
EXPLAIN_TIME:      2024-05-30-08.22.56.014070
EXPLAIN_REQUESTER: SHAIKHQ 

Database Context:
----------------
	Parallelism:          None
	CPU Speed:            4.000000e-05
	Comm Speed:           0
	Buffer Pool size:     132072
	Sort Heap size:       1000
	Database Heap size:   1200
	Lock List size:       4096
	Maximum Lock List:    10
	Average Applications: 1
	Locks Available:      13107

Package Context:
---------------
	SQL Type:           Dynamic
	Optimization Level: 5
	Blocking:           Block All Cursors
	Isolation Level:    Cursor Stability



---------------- STATEMENT 1  SECTION 201 ----------------
	QUERYNO:       0
	QUERYTAG:      CLP                 
	Statement Type:   Select
	Updatable:        No
	Deletable:        No
	Query Degree:     1

Original Statement:
------------------
SELECT 
  TPCDS.CUSTOMER.C_FIRST_SHIPTO_DATE_SK,
  TPCDS.DATE_DIM2.D_LAST_DOM 
FROM 
  TPCDS.CUSTOMER 
  INNER JOIN TPCDS.DATE_DIM2 
  ON TPCDS.DATE_DIM2.D_DATE_SK = TPCDS.CUSTOMER.C_FIRST_SHIPTO_DATE_SK 
WHERE 
  TPCDS.DATE_DIM2.D_DATE_SK <= 2457313 AND 
  TPCDS.DATE_DIM2.D_FIRST_DOM >= 2420711


Optimized Statement:
-------------------
SELECT 
  Q1.C_FIRST_SHIPTO_DATE_SK AS "C_FIRST_SHIPTO_DATE_SK",
  Q2.D_LAST_DOM AS "D_LAST_DOM" 
FROM 
  TPCDS.CUSTOMER AS Q1,
  TPCDS.DATE_DIM2 AS Q2 
WHERE 
  (Q2.D_DATE_SK = Q1.C_FIRST_SHIPTO_DATE_SK) AND 
  (2420711 <= Q2.D_FIRST_DOM) AND 
  (Q2.D_DATE_SK <= 2457313)

Explain level:    Explain from section

Access Plan:
-----------
	Total Cost: 		18493.1
	Query Degree:		1


                 Rows 
              Rows Actual
                RETURN
                (   1)
                 Cost 
                  I/O 
                  |
                899397 
                 96557 
                HSJOIN^
                (   2)
                18493.1 
                  NA 
           /------+------\
       34663.4           95070.1 
        36603             96557 
       TBSCAN            TBSCAN
       (   3)            (   4)
       5726.35           10405.7 
         NA                NA 
         |                 |
        73049            100000 
         NA                NA 
 DP-TABLE: TPCDS     TABLE: TPCDS   
      DATE_DIM2         CUSTOMER
         Q2                Q1


Operator Symbols :
------------------

   Symbol      Description
   ---------   ------------------------------------------
   >JOIN     : Left outer join
    JOIN<    : Right outer join
   >JOIN<    : Full outer join
   xJOIN     : Left antijoin
    JOINx    : Right antijoin
   ^JOIN     : Left early out
    JOIN^    : Right early out


Extended Diagnostic Information:
--------------------------------

No extended Diagnostic Information for this statement.


Plan Details:
-------------


	1) RETURN: (Return Result)
		Cumulative Total Cost: 		18493.1
		Cumulative First Row Cost: 	18493.1
		Estimated Bufferpool Buffers: 	656

		Arguments:
		---------
		BLDLEVEL: (Build level)
			DB2 v12.1.0.0 : z2212010100
		ENVVAR  : (Environment Variable)
			DB2_SELECTIVITY=MODEL_JOIN_CARD ON
		EXECUTID: (Executable ID)
			0100000000000000F31C00000000000000000000020020240530082254499343
		HEAPUSE : (Maximum Statement Heap Usage)
			128 Pages
		PLANID  : (Access plan identifier)
			e5ee7eaf492e0df1
		SEMEVID : (Semantic environment identifier)
			0000000000000001
		STMTHEAP: (Statement heap size)
			8192
		STMTID  : (Normalized statement identifier)
			b8d590aa7e02c53a
		TENANTID: (Compiled In Tenant ID)
			0
		TENANTNM: (Compiled In Tenant Name)
			SYSTEM

		Input Streams:
		-------------
			5) From Operator #2

				Estimated number of rows: 	899397
				Actual number of rows: 		96557


	2) HSJOIN: (Hash Join)
		Cumulative Total Cost: 		18493.1
		Cumulative First Row Cost: 	18493.1
		Estimated Bufferpool Buffers: 	656

		Arguments:
		---------
		BITFLTR : (Hash Join Bit Filter used)
			FALSE
		EARLYOUT: (Early Out flag)
			RIGHT
		HASHCODE: (Hash Code Size)
			24 BIT
		TEMPSIZE: (Temporary Table Page Size)
			16384

		Predicates:
		----------
		3) Predicate used in Join, 
			Comparison Operator: 		Equal (=)
			Subquery Input Required: 	No
			Filter Factor: 				2.36451e-05

			Predicate Text:
			--------------
			(Q2.D_DATE_SK = Q1.C_FIRST_SHIPTO_DATE_SK)



		Input Streams:
		-------------
			2) From Operator #3

				Estimated number of rows: 	34663.4
				Actual number of rows: 		36603

			4) From Operator #4

				Estimated number of rows: 	95070.1
				Actual number of rows: 		96557


		Output Streams:
		--------------
			5) To Operator #1

				Estimated number of rows: 	899397
				Actual number of rows: 		96557


	3) TBSCAN: (Table Scan)
		Cumulative Total Cost: 		5726.35
		Cumulative First Row Cost: 	7.60915
		Estimated Bufferpool Buffers: 	656

		Arguments:
		---------
		CUR_COMM: (Currently Committed)
			TRUE
		DPESTFLG: (Number of data partitions accessed are Estimated)
			FALSE
		DPLSTPRT: (List of data partitions accessed)
			- (NULL).
		DPNUMPRT: (Number of data partitions accessed)
			9
		GLOBLOCK: (Global Lock intent)
			INTENT SHARE
		JN INPUT: (Join input leg)
			OUTER
		LCKAVOID: (Lock Avoidance)
			TRUE
		MAXPAGES: (Maximum pages for prefetch)
			ALL
		PREFETCH: (Type of Prefetch)
			SEQUENTIAL          
		ROWLOCK : (Row Lock intent)
			SHARE (CS/RS)
		SCANDIR : (Scan Direction)
			FORWARD
		SKIP_INS: (Skip Inserted Rows)
			TRUE
		SPEED   : (Assumed speed of scan, in sharing structures)
			FAST
		TABLOCK : (Table Lock intent)
			INTENT SHARE
		TBISOLVL: (Table access Isolation Level)
			CURSOR STABILITY
		THROTTLE: (Scan may be throttled, for scan sharing)
			TRUE
		VISIBLE : (May be included in scan sharing structures)
			TRUE
		WRAPPING: (Scan may start anywhere and wrap)
			TRUE

		Predicates:
		----------
		4) Sargable Predicate, 
			Comparison Operator: 		Less Than or Equal (<=)
			Subquery Input Required: 	No
			Filter Factor: 				0.918

			Predicate Text:
			--------------
			(2420711 <= Q2.D_FIRST_DOM)


		5) Sargable Predicate, 
			Comparison Operator: 		Less Than or Equal (<=)
			Subquery Input Required: 	No
			Filter Factor: 				0.578954

			Predicate Text:
			--------------
			(Q2.D_DATE_SK <= 2457313)



		Input Streams:
		-------------
			1) From Object TPCDS.DATE_DIM2

				Estimated number of rows: 	73049

				Column Names:
				------------
				+Q2.$RID$+Q2.D_LAST_DOM+Q2.D_FIRST_DOM
				+Q2.D_DATE_SK


		Output Streams:
		--------------
			2) To Operator #2

				Estimated number of rows: 	34663.4
				Actual number of rows: 		36603


	4) TBSCAN: (Table Scan)
		Cumulative Total Cost: 		10405.7
		Cumulative First Row Cost: 	9.00079
		Estimated Bufferpool Buffers: 	1390

		Arguments:
		---------
		CUR_COMM: (Currently Committed)
			TRUE
		JN INPUT: (Join input leg)
			INNER
		LCKAVOID: (Lock Avoidance)
			TRUE
		MAXPAGES: (Maximum pages for prefetch)
			ALL
		PREFETCH: (Type of Prefetch)
			SEQUENTIAL          
		ROWLOCK : (Row Lock intent)
			SHARE (CS/RS)
		SCANDIR : (Scan Direction)
			FORWARD
		SKIP_INS: (Skip Inserted Rows)
			TRUE
		SPEED   : (Assumed speed of scan, in sharing structures)
			FAST
		TABLOCK : (Table Lock intent)
			INTENT SHARE
		TBISOLVL: (Table access Isolation Level)
			CURSOR STABILITY
		THROTTLE: (Scan may be throttled, for scan sharing)
			TRUE
		VISIBLE : (May be included in scan sharing structures)
			TRUE
		WRAPPING: (Scan may start anywhere and wrap)
			TRUE

		Predicates:
		----------
		2) Sargable Predicate, 
			Comparison Operator: 		Less Than or Equal (<=)
			Subquery Input Required: 	No
			Filter Factor: 				0.950701

			Predicate Text:
			--------------
			(Q1.C_FIRST_SHIPTO_DATE_SK <= 2457313)



		Input Streams:
		-------------
			3) From Object TPCDS.CUSTOMER

				Estimated number of rows: 	100000

				Column Names:
				------------
				+Q1.$RID$+Q1.C_FIRST_SHIPTO_DATE_SK


		Output Streams:
		--------------
			4) To Operator #2

				Estimated number of rows: 	95070.1
				Actual number of rows: 		96557


Objects Used in Access Plan:
---------------------------

	Schema:   TPCDS   
	Name:     DATE_DIM2
	Type:     Data Partitioned Table
			Last statistics update: 	2024-05-30-07.28.51.002480
			Number of rows: 		73049
			Number of buffer pool pages: 	656
			Distinct row values: 		No
			Tablespace name: 		<VARIOUS>
			Tablespace overhead: 		6.725000
			Tablespace transfer rate: 	0.160000
			Prefetch page count: 		32
			Container extent page count: 	32
			Table overflow record count: 	0
			Table Active Blocks: 		-1
			Average Row Compression Ratio: 	0
			Percentage Rows Compressed: 	0
			Average Compressed Row Size: 	0

	Schema:   TPCDS   
	Name:     CUSTOMER
	Type:     Table
			Last statistics update: 	2024-05-30-07.24.48.704751
			Number of rows: 		100000
			Number of buffer pool pages: 	1390
			Distinct row values: 		No
			Tablespace name: 		TS_PD_DATA_001
			Tablespace overhead: 		6.725000
			Tablespace transfer rate: 	0.160000
			Prefetch page count: 		32
			Container extent page count: 	32
			Table overflow record count: 	0
			Table Active Blocks: 		-1
			Average Row Compression Ratio: 	0
			Percentage Rows Compressed: 	0
			Average Compressed Row Size: 	0

Runtime statistics for objects Used in Access Plan:
-----------------------------------------------------

	Schema: TPCDS   
	Name: 	DATE_DIM2
	Type: 	Data Partitioned Table

			Member 0
			---------

				DataPartId 	Metrics
				---------- 	--------------------
				0          	rows_reads:35793
				           	object_data_l_reads:315
				           	object_data_lbp_pages_found:315
				           	object_data_gbp_indep_pages_found_in_lbp:315
				           	object_data_caching_tier_gbp_indep_pages_found:315
				1          	rows_reads:365
				           	object_data_l_reads:5
				           	object_data_lbp_pages_found:5
				           	object_data_gbp_indep_pages_found_in_lbp:5
				           	object_data_caching_tier_gbp_indep_pages_found:5
				2          	rows_reads:365
				           	object_data_l_reads:5
				           	object_data_lbp_pages_found:5
				           	object_data_gbp_indep_pages_found_in_lbp:5
				           	object_data_caching_tier_gbp_indep_pages_found:5
				3          	rows_reads:366
				           	object_data_l_reads:5
				           	object_data_lbp_pages_found:5
				           	object_data_gbp_indep_pages_found_in_lbp:5
				           	object_data_caching_tier_gbp_indep_pages_found:5
				4          	rows_reads:365
				           	object_data_l_reads:5
				           	object_data_lbp_pages_found:5
				           	object_data_gbp_indep_pages_found_in_lbp:5
				           	object_data_caching_tier_gbp_indep_pages_found:5
				5          	rows_reads:365
				           	object_data_l_reads:5
				           	object_data_lbp_pages_found:5
				           	object_data_gbp_indep_pages_found_in_lbp:5
				           	object_data_caching_tier_gbp_indep_pages_found:5
				6          	rows_reads:365
				           	object_data_l_reads:5
				           	object_data_lbp_pages_found:5
				           	object_data_gbp_indep_pages_found_in_lbp:5
				           	object_data_caching_tier_gbp_indep_pages_found:5
				7          	rows_reads:366
				           	object_data_l_reads:5
				           	object_data_lbp_pages_found:5
				           	object_data_gbp_indep_pages_found_in_lbp:5
				           	object_data_caching_tier_gbp_indep_pages_found:5
				8          	rows_reads:34699
				           	object_data_l_reads:306
				           	object_data_lbp_pages_found:306
				           	object_data_gbp_indep_pages_found_in_lbp:306
				           	object_data_caching_tier_gbp_indep_pages_found:306

	Schema: TPCDS   
	Name: 	CUSTOMER
	Type: 	Table

			Member 0
			---------

				Metrics
				--------------------
				rows_reads:100000
				object_data_l_reads:1390
				object_data_lbp_pages_found:1390
				object_data_gbp_indep_pages_found_in_lbp:1390
				object_data_caching_tier_gbp_indep_pages_found:1390

