DB2 Universal Database Version 12.1, 5622-044 (c) Copyright IBM Corp. 1991, 2022
Licensed Material - Program Property of IBM
IBM Db2 Explain Table Format Tool



******************** EXPLAIN INSTANCE ********************

DB2_VERSION:       12.01.0
FORMATTED ON DB:   TPCDS
SOURCE_NAME:       SQLC2Q31
SOURCE_SCHEMA:     NULLID  
SOURCE_VERSION:      
EXPLAIN_TIME:      2024-05-30-12.35.18.254024
EXPLAIN_REQUESTER: SHAIKHQ 

Database Context:
----------------
	Parallelism:          None
	CPU Speed:            4.000000e-05
	Comm Speed:           0
	Buffer Pool size:     132072
	Sort Heap size:       1000
	Database Heap size:   1200
	Lock List size:       4096
	Maximum Lock List:    10
	Average Applications: 1
	Locks Available:      13107

Package Context:
---------------
	SQL Type:           Dynamic
	Optimization Level: 5
	Blocking:           Block All Cursors
	Isolation Level:    Cursor Stability



---------------- STATEMENT 1  SECTION 201 ----------------
	QUERYNO:       0
	QUERYTAG:      CLP                 
	Statement Type:   Select
	Updatable:        No
	Deletable:        No
	Query Degree:     1

Original Statement:
------------------
SELECT 
  TPCDS.CUSTOMER.C_FIRST_SALES_DATE_SK,
  TPCDS.DATE_DIM2.D_DATE_SK 
FROM 
  TPCDS.CUSTOMER 
  INNER JOIN TPCDS.DATE_DIM2 
  ON TPCDS.DATE_DIM2.D_DATE_SK = TPCDS.CUSTOMER.C_FIRST_SHIPTO_DATE_SK 
WHERE 
  TPCDS.CUSTOMER.C_BIRTH_MONTH = 1 AND 
  TPCDS.CUSTOMER.C_CURRENT_CDEMO_SK >= 1782720


Optimized Statement:
-------------------
SELECT 
  Q1.C_FIRST_SALES_DATE_SK AS "C_FIRST_SALES_DATE_SK",
  Q2.D_DATE_SK AS "D_DATE_SK" 
FROM 
  TPCDS.CUSTOMER AS Q1,
  TPCDS.DATE_DIM2 AS Q2 
WHERE 
  (Q2.D_DATE_SK = Q1.C_FIRST_SHIPTO_DATE_SK) AND 
  (1782720 <= Q1.C_CURRENT_CDEMO_SK) AND 
  (Q1.C_BIRTH_MONTH = 1)

Explain level:    Explain from section

Access Plan:
-----------
	Total Cost: 		12029.4
	Query Degree:		1


               Rows 
            Rows Actual
              RETURN
              (   1)
               Cost 
                I/O 
                |
              5822.18 
                585 
              ^NLJOIN
              (   2)
              12029.4 
                NA 
         /------+-------\
     359.398            16.1998 
       592             0.988176 
     TBSCAN             IXSCAN
     (   3)             (   4)
     11910.7            9.66999 
       NA                 NA 
       |                  |
     100000               -1 
       NA                 NA 
 TABLE: TPCDS       INDEX: SYSIBM  
    CUSTOMER      SQL240509072221830
       Q1                 Q2


Operator Symbols :
------------------

   Symbol      Description
   ---------   ------------------------------------------
   >JOIN     : Left outer join
    JOIN<    : Right outer join
   >JOIN<    : Full outer join
   xJOIN     : Left antijoin
    JOINx    : Right antijoin
   ^JOIN     : Left early out
    JOIN^    : Right early out


Extended Diagnostic Information:
--------------------------------

No extended Diagnostic Information for this statement.


Plan Details:
-------------


	1) RETURN: (Return Result)
		Cumulative Total Cost: 		12029.4
		Cumulative First Row Cost: 	50.3626
		Estimated Bufferpool Buffers: 	1395

		Arguments:
		---------
		BLDLEVEL: (Build level)
			DB2 v12.1.0.0 : z2212010100
		ENVVAR  : (Environment Variable)
			DB2_SELECTIVITY=MODEL_JOIN_CARD ON
		EXECUTID: (Executable ID)
			0100000000000000B08D02000000000000000000020020240530123517961480
		HEAPUSE : (Maximum Statement Heap Usage)
			128 Pages
		PLANID  : (Access plan identifier)
			c45da778c2ff0776
		SEMEVID : (Semantic environment identifier)
			0000000000000001
		STMTHEAP: (Statement heap size)
			8192
		STMTID  : (Normalized statement identifier)
			b10f800d9a1955ee
		TENANTID: (Compiled In Tenant ID)
			0
		TENANTNM: (Compiled In Tenant Name)
			SYSTEM

		Input Streams:
		-------------
			5) From Operator #2

				Estimated number of rows: 	5822.18
				Actual number of rows: 		585


	2) NLJOIN: (Nested Loop Join)
		Cumulative Total Cost: 		12029.4
		Cumulative First Row Cost: 	50.3626
		Estimated Bufferpool Buffers: 	1395

		Arguments:
		---------
		EARLYOUT: (Early Out flag)
			LEFT
		FETCHMAX: (Override for FETCH MAXPAGES)
			IGNORE
		ISCANMAX: (Override for ISCAN MAXPAGES)
			IGNORE

		Predicates:
		----------
		2) Predicate used in Join, 
			Comparison Operator: 		Equal (=)
			Subquery Input Required: 	No
			Filter Factor: 				1.36894e-05

			Predicate Text:
			--------------
			(Q2.D_DATE_SK = Q1.C_FIRST_SHIPTO_DATE_SK)



		Input Streams:
		-------------
			2) From Operator #3

				Estimated number of rows: 	359.398
				Actual number of rows: 		592

			4) From Operator #4

				Estimated number of rows: 	16.1998
				Actual number of rows: 		0.988176


		Output Streams:
		--------------
			5) To Operator #1

				Estimated number of rows: 	5822.18
				Actual number of rows: 		585


	3) TBSCAN: (Table Scan)
		Cumulative Total Cost: 		11910.7
		Cumulative First Row Cost: 	42.0071
		Estimated Bufferpool Buffers: 	1390

		Arguments:
		---------
		CUR_COMM: (Currently Committed)
			TRUE
		JN INPUT: (Join input leg)
			OUTER
		LCKAVOID: (Lock Avoidance)
			TRUE
		MAXPAGES: (Maximum pages for prefetch)
			ALL
		PREFETCH: (Type of Prefetch)
			SEQUENTIAL          
		ROWLOCK : (Row Lock intent)
			SHARE (CS/RS)
		SCANDIR : (Scan Direction)
			FORWARD
		SKIP_INS: (Skip Inserted Rows)
			TRUE
		SPEED   : (Assumed speed of scan, in sharing structures)
			SLOW
		TABLOCK : (Table Lock intent)
			INTENT SHARE
		TBISOLVL: (Table access Isolation Level)
			CURSOR STABILITY
		THROTTLE: (Scan may be throttled, for scan sharing)
			TRUE
		VISIBLE : (May be included in scan sharing structures)
			TRUE
		WRAPPING: (Scan may start anywhere and wrap)
			TRUE

		Predicates:
		----------
		3) Sargable Predicate, 
			Comparison Operator: 		Less Than or Equal (<=)
			Subquery Input Required: 	No
			Filter Factor: 				0.0590145

			Predicate Text:
			--------------
			(1782720 <= Q1.C_CURRENT_CDEMO_SK)


		4) Sargable Predicate, 
			Comparison Operator: 		Equal (=)
			Subquery Input Required: 	No
			Filter Factor: 				0.0609

			Predicate Text:
			--------------
			(Q1.C_BIRTH_MONTH = 1)



		Input Streams:
		-------------
			1) From Object TPCDS.CUSTOMER

				Estimated number of rows: 	100000

				Column Names:
				------------
				+Q1.$RID$+Q1.C_FIRST_SALES_DATE_SK
				+Q1.C_CURRENT_CDEMO_SK+Q1.C_BIRTH_MONTH
				+Q1.C_FIRST_SHIPTO_DATE_SK


		Output Streams:
		--------------
			2) To Operator #2

				Estimated number of rows: 	359.398
				Actual number of rows: 		592


	4) IXSCAN: (Index Scan)
		Cumulative Total Cost: 		9.66999
		Cumulative First Row Cost: 	8.35547
		Estimated Bufferpool Buffers: 	5

		Arguments:
		---------
		CUR_COMM: (Currently Committed)
			TRUE
		DPESTFLG: (Number of data partitions accessed are Estimated)
			FALSE
		DPLSTPRT: (List of data partitions accessed)
			- (NULL).
		DPNUMPRT: (Number of data partitions accessed)
			9
		GLOBLOCK: (Global Lock intent)
			INTENT SHARE
		JN INPUT: (Join input leg)
			INNER
		LCKAVOID: (Lock Avoidance)
			TRUE
		MAXPAGES: (Maximum pages for prefetch)
			1
		PREFETCH: (Type of Prefetch)
			READAHEAD           
		ROWLOCK : (Row Lock intent)
			SHARE (CS/RS)
		SCANDIR : (Scan Direction)
			FORWARD
		SKIP_INS: (Skip Inserted Rows)
			TRUE
		TABLOCK : (Table Lock intent)
			INTENT SHARE
		TBISOLVL: (Table access Isolation Level)
			CURSOR STABILITY

		Predicates:
		----------
		2) Start Key Predicate, 
			Comparison Operator: 		Equal (=)
			Subquery Input Required: 	No
			Filter Factor: 				1.36894e-05

			Predicate Text:
			--------------
			(Q2.D_DATE_SK = Q1.C_FIRST_SHIPTO_DATE_SK)


		2) Stop Key Predicate, 
			Comparison Operator: 		Equal (=)
			Subquery Input Required: 	No
			Filter Factor: 				1.36894e-05

			Predicate Text:
			--------------
			(Q2.D_DATE_SK = Q1.C_FIRST_SHIPTO_DATE_SK)



		Input Streams:
		-------------
			3) From Object SYSIBM.SQL240509072221830

				Estimated number of rows: 	-1

				Column Names:
				------------
				+Q2.D_DATE_SK(A)+Q2.$RID$


		Output Streams:
		--------------
			4) To Operator #2

				Estimated number of rows: 	16.1998
				Actual number of rows: 		0.988176


Objects Used in Access Plan:
---------------------------

	Schema:   SYSIBM  
	Name:     SQL240509072221830
	Type:     Index
			Last statistics update: 	2024-05-30-07.28.51.002480
			Number of rows: 		-1
			Number of buffer pool pages: 	-1
			Distinct row values: 		Yes
			Tablespace name: 		TS_SD_SMALL_001
			Tablespace overhead: 		6.725000
			Tablespace transfer rate: 	0.160000
			Prefetch page count: 		32
			Container extent page count: 	32
			Index clustering statistic: 	0.988398
			Index leaf pages: 		85
			Index tree levels: 		2
			Index full key cardinality: 	73049
			Base Table Schema: 		TPCDS   
			Base Table Name: 		DATE_DIM2
			Columns in index:
				D_DATE_SK(A)
			Null keys: 			Yes

	Schema:   TPCDS   
	Name:     CUSTOMER
	Type:     Table
			Last statistics update: 	2024-05-30-07.24.48.704751
			Number of rows: 		100000
			Number of buffer pool pages: 	1390
			Distinct row values: 		No
			Tablespace name: 		TS_PD_DATA_001
			Tablespace overhead: 		6.725000
			Tablespace transfer rate: 	0.160000
			Prefetch page count: 		32
			Container extent page count: 	32
			Table overflow record count: 	0
			Table Active Blocks: 		-1
			Average Row Compression Ratio: 	0
			Percentage Rows Compressed: 	0
			Average Compressed Row Size: 	0

Runtime statistics for objects Used in Access Plan:
-----------------------------------------------------

	Schema: SYSIBM  
	Name: 	SQL240509072221830
	Type: 	Index

			Member 0
			---------

				Metrics
				--------------------
				object_index_l_reads:1170
				object_index_lbp_pages_found:1170
				object_index_gbp_indep_pages_found_in_lbp:1170

	Schema: TPCDS   
	Name: 	CUSTOMER
	Type: 	Table

			Member 0
			---------

				Metrics
				--------------------
				rows_reads:100000
				object_data_l_reads:1390
				object_data_lbp_pages_found:1390
				object_data_gbp_indep_pages_found_in_lbp:1390
				object_data_caching_tier_gbp_indep_pages_found:1390


Base Table For Index Not Already Shown:
---------------------------------------

	Schema: TPCDS   
	Name: 	DATE_DIM2
			Time of creation: 		2024-05-09-07.22.20.471618
			Last statistics update: 	2024-05-30-07.28.51.002480
			Number of rows: 		73049
			Number of pages: 		656
			Number of pages with rows: 	647
			Number of meta-data pages: 	0
			Table overflow record count: 	0
			Indexspace name: 		TS_SD_SMALL_001
			Tablespace name: 		TS_SD_SMALL_001
			Tablespace overhead: 		-1.000000
			Tablespace transfer rate: 	-1.000000
			Prefetch page count: 		-1
			Container extent page count: 	32

			Long tablespace name: 		TS_SD_SMALL_001

