DB2 Universal Database Version 12.1, 5622-044 (c) Copyright IBM Corp. 1991, 2022
Licensed Material - Program Property of IBM
IBM Db2 Explain Table Format Tool



******************** EXPLAIN INSTANCE ********************

DB2_VERSION:       12.01.0
FORMATTED ON DB:   TPCDS
SOURCE_NAME:       SQLC2Q31
SOURCE_SCHEMA:     NULLID  
SOURCE_VERSION:      
EXPLAIN_TIME:      2024-05-30-10.44.11.947137
EXPLAIN_REQUESTER: SHAIKHQ 

Database Context:
----------------
	Parallelism:          None
	CPU Speed:            4.000000e-05
	Comm Speed:           0
	Buffer Pool size:     132072
	Sort Heap size:       1000
	Database Heap size:   1200
	Lock List size:       4096
	Maximum Lock List:    10
	Average Applications: 1
	Locks Available:      13107

Package Context:
---------------
	SQL Type:           Dynamic
	Optimization Level: 5
	Blocking:           Block All Cursors
	Isolation Level:    Cursor Stability



---------------- STATEMENT 1  SECTION 201 ----------------
	QUERYNO:       0
	QUERYTAG:      CLP                 
	Statement Type:   Select
	Updatable:        No
	Deletable:        No
	Query Degree:     1

Original Statement:
------------------
SELECT 
  TPCDS.WEB_SALES.WS_SHIP_CUSTOMER_SK,
  TPCDS.DATE_DIM2.D_DOM 
FROM 
  TPCDS.WEB_SALES 
  INNER JOIN TPCDS.DATE_DIM2 
  ON TPCDS.DATE_DIM2.D_DATE_SK = TPCDS.WEB_SALES.WS_SHIP_DATE_SK 
WHERE 
  TPCDS.WEB_SALES.WS_SHIP_ADDR_SK >= 4373 AND 
  TPCDS.WEB_SALES.WS_ORDER_NUMBER = 15134


Optimized Statement:
-------------------
SELECT 
  Q1.WS_SHIP_CUSTOMER_SK AS "WS_SHIP_CUSTOMER_SK",
  Q2.D_DOM AS "D_DOM" 
FROM 
  TPCDS.WEB_SALES AS Q1,
  TPCDS.DATE_DIM2 AS Q2 
WHERE 
  (Q2.D_DATE_SK = Q1.WS_SHIP_DATE_SK) AND 
  (Q1.WS_ORDER_NUMBER = 15134) AND 
  (4373 <= Q1.WS_SHIP_ADDR_SK)

Explain level:    Explain from section

Access Plan:
-----------
	Total Cost: 		36744.2
	Query Degree:		1


                             Rows 
                          Rows Actual
                            RETURN
                            (   1)
                             Cost 
                              I/O 
                              |
                             27005 
                              14 
                            ^NLJOIN
                            (   2)
                            36744.2 
                              NA 
                  /-----------+------------\
              15.9024                      1698.17 
                14                            1 
              FETCH                        FETCH 
              (   3)                       (   5)
              36599.5                      234.681 
                NA                           NA 
           /----+-----\                 /----+-----\
       359.692        719384        1698.17         73049 
         14             NA             1             NA 
       IXSCAN   DP-TABLE: TPCDS     IXSCAN   DP-TABLE: TPCDS   
       (   4)        WEB_SALES      (   6)        DATE_DIM2
       33959.6          Q1          22.4291          Q2
         NA                           NA 
         |                            |
       719384                        73049 
         NA                           NA 
   INDEX: SYSIBM                INDEX: SYSIBM  
 SQL240509064049930           SQL240509072221830
         Q1                           Q2


Operator Symbols :
------------------

   Symbol      Description
   ---------   ------------------------------------------
   >JOIN     : Left outer join
    JOIN<    : Right outer join
   >JOIN<    : Full outer join
   xJOIN     : Left antijoin
    JOINx    : Right antijoin
   ^JOIN     : Left early out
    JOIN^    : Right early out


Extended Diagnostic Information:
--------------------------------

No extended Diagnostic Information for this statement.


Plan Details:
-------------


	1) RETURN: (Return Result)
		Cumulative Total Cost: 		36744.2
		Cumulative First Row Cost: 	2325.47
		Estimated Bufferpool Buffers: 	8962

		Arguments:
		---------
		BLDLEVEL: (Build level)
			DB2 v12.1.0.0 : z2212010100
		ENVVAR  : (Environment Variable)
			DB2_SELECTIVITY=MODEL_JOIN_CARD ON
		EXECUTID: (Executable ID)
			01000000000000003DC301000000000000000000020020240530104411578967
		HEAPUSE : (Maximum Statement Heap Usage)
			128 Pages
		PLANID  : (Access plan identifier)
			261a0c7e17142907
		SEMEVID : (Semantic environment identifier)
			0000000000000001
		STMTHEAP: (Statement heap size)
			8192
		STMTID  : (Normalized statement identifier)
			8b24836324ebde2f
		TENANTID: (Compiled In Tenant ID)
			0
		TENANTNM: (Compiled In Tenant Name)
			SYSTEM

		Input Streams:
		-------------
			9) From Operator #2

				Estimated number of rows: 	27005
				Actual number of rows: 		14


	2) NLJOIN: (Nested Loop Join)
		Cumulative Total Cost: 		36744.2
		Cumulative First Row Cost: 	2325.47
		Estimated Bufferpool Buffers: 	8962

		Arguments:
		---------
		EARLYOUT: (Early Out flag)
			LEFT
		FETCHMAX: (Override for FETCH MAXPAGES)
			IGNORE
		ISCANMAX: (Override for ISCAN MAXPAGES)
			IGNORE

		Predicates:
		----------
		2) Predicate used in Join, 
			Comparison Operator: 		Equal (=)
			Subquery Input Required: 	No
			Filter Factor: 				1.36894e-05

			Predicate Text:
			--------------
			(Q2.D_DATE_SK = Q1.WS_SHIP_DATE_SK)



		Input Streams:
		-------------
			4) From Operator #3

				Estimated number of rows: 	15.9024
				Actual number of rows: 		14

			8) From Operator #5

				Estimated number of rows: 	1698.17
				Actual number of rows: 		1


		Output Streams:
		--------------
			9) To Operator #1

				Estimated number of rows: 	27005
				Actual number of rows: 		14


	3) FETCH : (Fetch)
		Cumulative Total Cost: 		36599.5
		Cumulative First Row Cost: 	2309.7
		Estimated Bufferpool Buffers: 	8943

		Arguments:
		---------
		CUR_COMM: (Currently Committed)
			TRUE
		GLOBLOCK: (Global Lock intent)
			INTENT SHARE
		JN INPUT: (Join input leg)
			OUTER
		LCKAVOID: (Lock Avoidance)
			TRUE
		MAXPAGES: (Maximum pages for prefetch)
			351
		PREFETCH: (Type of Prefetch)
			SEQUENTIAL          
		ROWLOCK : (Row Lock intent)
			SHARE (CS/RS)
		SKIP_INS: (Skip Inserted Rows)
			TRUE
		SPEED   : (Assumed speed of scan, in sharing structures)
			SLOW
		TABLOCK : (Table Lock intent)
			INTENT SHARE
		TBISOLVL: (Table access Isolation Level)
			CURSOR STABILITY
		THROTTLE: (Scan may be throttled, for scan sharing)
			FALSE
		VISIBLE : (May be included in scan sharing structures)
			FALSE
		WRAPPING: (Scan may start anywhere and wrap)
			FALSE

		Predicates:
		----------
		4) Sargable Predicate, 
			Comparison Operator: 		Less Than or Equal (<=)
			Subquery Input Required: 	No
			Filter Factor: 				0.905402

			Predicate Text:
			--------------
			(4373 <= Q1.WS_SHIP_ADDR_SK)



		Input Streams:
		-------------
			2) From Operator #4

				Estimated number of rows: 	359.692
				Actual number of rows: 		14

			3) From Object TPCDS.WEB_SALES

				Estimated number of rows: 	719384

				Column Names:
				------------
				+Q1.WS_SHIP_CUSTOMER_SK+Q1.WS_SHIP_ADDR_SK
				+Q1.WS_SHIP_DATE_SK


		Output Streams:
		--------------
			4) To Operator #2

				Estimated number of rows: 	15.9024
				Actual number of rows: 		14


	4) IXSCAN: (Index Scan)
		Cumulative Total Cost: 		33959.6
		Cumulative First Row Cost: 	109.557
		Estimated Bufferpool Buffers: 	1033

		Arguments:
		---------
		CUR_COMM: (Currently Committed)
			TRUE
		DPESTFLG: (Number of data partitions accessed are Estimated)
			FALSE
		DPLSTPRT: (List of data partitions accessed)
			- (NULL).
		DPNUMPRT: (Number of data partitions accessed)
			8
		GLOBLOCK: (Global Lock intent)
			INTENT SHARE
		JUMPSCAN: (Jump Scan Plan)
			TRUE
		LCKAVOID: (Lock Avoidance)
			TRUE
		MAXPAGES: (Maximum pages for prefetch)
			1031
		PGLOLOCK: (Position Scan Global Lock)
			INTENT NONE
		PREFETCH: (Type of Prefetch)
			READAHEAD           
		PROWLOCK: (Position Scan Row Lock)
			NONE
		PTABLOCK: (Position Scan Table Lock)
			INTENT NONE
		ROWLOCK : (Row Lock intent)
			SHARE (CS/RS)
		SCANDIR : (Scan Direction)
			FORWARD
		SKIP_INS: (Skip Inserted Rows)
			TRUE
		TABLOCK : (Table Lock intent)
			INTENT SHARE
		TBISOLVL: (Table access Isolation Level)
			CURSOR STABILITY

		Predicates:
		----------
		3) Start Key Predicate, 
			Comparison Operator: 		Equal (=)
			Subquery Input Required: 	No
			Filter Factor: 				0.0005

			Predicate Text:
			--------------
			(Q1.WS_ORDER_NUMBER = 15134)


		3) Stop Key Predicate, 
			Comparison Operator: 		Equal (=)
			Subquery Input Required: 	No
			Filter Factor: 				0.0005

			Predicate Text:
			--------------
			(Q1.WS_ORDER_NUMBER = 15134)


		Gap Info:            Status
		---------            ------
		Index Column 1:      Gap               
		Index Column 2:      No Gap            

		Input Streams:
		-------------
			1) From Object SYSIBM.SQL240509064049930

				Estimated number of rows: 	719384

				Column Names:
				------------
				+Q1.$RID$+Q1.WS_ORDER_NUMBER


		Output Streams:
		--------------
			2) To Operator #3

				Estimated number of rows: 	359.692
				Actual number of rows: 		14


	5) FETCH : (Fetch)
		Cumulative Total Cost: 		234.681
		Cumulative First Row Cost: 	15.7635
		Estimated Bufferpool Buffers: 	21

		Arguments:
		---------
		CUR_COMM: (Currently Committed)
			TRUE
		GLOBLOCK: (Global Lock intent)
			INTENT SHARE
		JN INPUT: (Join input leg)
			INNER
		LCKAVOID: (Lock Avoidance)
			TRUE
		MAXPAGES: (Maximum pages for prefetch)
			15
		PREFETCH: (Type of Prefetch)
			SEQUENTIAL          
		ROWLOCK : (Row Lock intent)
			SHARE (CS/RS)
		SKIP_INS: (Skip Inserted Rows)
			TRUE
		SPEED   : (Assumed speed of scan, in sharing structures)
			SLOW
		TABLOCK : (Table Lock intent)
			INTENT SHARE
		TBISOLVL: (Table access Isolation Level)
			CURSOR STABILITY
		THROTTLE: (Scan may be throttled, for scan sharing)
			FALSE
		VISIBLE : (May be included in scan sharing structures)
			FALSE
		WRAPPING: (Scan may start anywhere and wrap)
			FALSE

		Input Streams:
		-------------
			6) From Operator #6

				Estimated number of rows: 	1698.17
				Actual number of rows: 		1

			7) From Object TPCDS.DATE_DIM2

				Estimated number of rows: 	73049

				Column Names:
				------------
				+Q2.D_DOM


		Output Streams:
		--------------
			8) To Operator #2

				Estimated number of rows: 	1698.17
				Actual number of rows: 		1


	6) IXSCAN: (Index Scan)
		Cumulative Total Cost: 		22.4291
		Cumulative First Row Cost: 	8.35547
		Estimated Bufferpool Buffers: 	3

		Arguments:
		---------
		CUR_COMM: (Currently Committed)
			TRUE
		DPESTFLG: (Number of data partitions accessed are Estimated)
			FALSE
		DPLSTPRT: (List of data partitions accessed)
			- (NULL).
		DPNUMPRT: (Number of data partitions accessed)
			9
		GLOBLOCK: (Global Lock intent)
			INTENT SHARE
		LCKAVOID: (Lock Avoidance)
			TRUE
		MAXPAGES: (Maximum pages for prefetch)
			1
		PREFETCH: (Type of Prefetch)
			READAHEAD           
		ROWLOCK : (Row Lock intent)
			SHARE (CS/RS)
		SCANDIR : (Scan Direction)
			FORWARD
		SKIP_INS: (Skip Inserted Rows)
			TRUE
		TABLOCK : (Table Lock intent)
			INTENT SHARE
		TBISOLVL: (Table access Isolation Level)
			CURSOR STABILITY

		Predicates:
		----------
		2) Start Key Predicate, 
			Comparison Operator: 		Equal (=)
			Subquery Input Required: 	No
			Filter Factor: 				1.36894e-05

			Predicate Text:
			--------------
			(Q2.D_DATE_SK = Q1.WS_SHIP_DATE_SK)


		2) Stop Key Predicate, 
			Comparison Operator: 		Equal (=)
			Subquery Input Required: 	No
			Filter Factor: 				1.36894e-05

			Predicate Text:
			--------------
			(Q2.D_DATE_SK = Q1.WS_SHIP_DATE_SK)



		Input Streams:
		-------------
			5) From Object SYSIBM.SQL240509072221830

				Estimated number of rows: 	73049

				Column Names:
				------------
				+Q2.D_DATE_SK(A)+Q2.$RID$


		Output Streams:
		--------------
			6) To Operator #5

				Estimated number of rows: 	1698.17
				Actual number of rows: 		1


Objects Used in Access Plan:
---------------------------

	Schema:   TPCDS   
	Name:     DATE_DIM2
	Type:     Data Partitioned Table
			Last statistics update: 	2024-05-30-07.28.51.002480
			Number of rows: 		73049
			Number of buffer pool pages: 	656
			Distinct row values: 		No
			Tablespace name: 		<VARIOUS>
			Tablespace overhead: 		6.725000
			Tablespace transfer rate: 	0.160000
			Prefetch page count: 		32
			Container extent page count: 	32
			Table overflow record count: 	0
			Table Active Blocks: 		-1
			Average Row Compression Ratio: 	0
			Percentage Rows Compressed: 	0
			Average Compressed Row Size: 	0

	Schema:   TPCDS   
	Name:     WEB_SALES
	Type:     Data Partitioned Table
			Last statistics update: 	2024-05-30-07.01.53.959284
			Number of rows: 		719384
			Number of buffer pool pages: 	7918
			Distinct row values: 		No
			Tablespace name: 		<VARIOUS>
			Tablespace overhead: 		6.725000
			Tablespace transfer rate: 	0.160000
			Prefetch page count: 		32
			Container extent page count: 	32
			Table overflow record count: 	0
			Table Active Blocks: 		-1
			Average Row Compression Ratio: 	0
			Percentage Rows Compressed: 	0
			Average Compressed Row Size: 	0

	Schema:   SYSIBM  
	Name:     SQL240509064049930
	Type:     Index
			Last statistics update: 	2024-05-30-07.01.53.959284
			Number of rows: 		719384
			Number of buffer pool pages: 	7918
			Distinct row values: 		Yes
			Tablespace name: 		TS_PD_DATA_001
			Tablespace overhead: 		6.725000
			Tablespace transfer rate: 	0.160000
			Prefetch page count: 		32
			Container extent page count: 	32
			Index clustering statistic: 	0.004215
			Index leaf pages: 		1031
			Index tree levels: 		3
			Index full key cardinality: 	719384
			Base Table Schema: 		TPCDS   
			Base Table Name: 		WEB_SALES
			Columns in index:
				WS_ITEM_SK(A)
				WS_ORDER_NUMBER(A)
			Null keys: 			Yes

	Schema:   SYSIBM  
	Name:     SQL240509072221830
	Type:     Index
			Last statistics update: 	2024-05-30-07.28.51.002480
			Number of rows: 		73049
			Number of buffer pool pages: 	656
			Distinct row values: 		Yes
			Tablespace name: 		TS_SD_SMALL_001
			Tablespace overhead: 		6.725000
			Tablespace transfer rate: 	0.160000
			Prefetch page count: 		32
			Container extent page count: 	32
			Index clustering statistic: 	0.988398
			Index leaf pages: 		85
			Index tree levels: 		2
			Index full key cardinality: 	73049
			Base Table Schema: 		TPCDS   
			Base Table Name: 		DATE_DIM2
			Columns in index:
				D_DATE_SK(A)
			Null keys: 			Yes

Runtime statistics for objects Used in Access Plan:
-----------------------------------------------------

	Schema: TPCDS   
	Name: 	DATE_DIM2
	Type: 	Data Partitioned Table

			Member 0
			---------

				DataPartId 	Metrics
				---------- 	--------------------
				3          	rows_reads:9
				           	object_data_l_reads:9
				           	object_data_lbp_pages_found:9
				           	object_data_gbp_indep_pages_found_in_lbp:9
				           	object_data_caching_tier_gbp_indep_pages_found:9
				4          	rows_reads:5
				           	object_data_l_reads:5
				           	object_data_lbp_pages_found:5
				           	object_data_gbp_indep_pages_found_in_lbp:5
				           	object_data_caching_tier_gbp_indep_pages_found:5

	Schema: TPCDS   
	Name: 	WEB_SALES
	Type: 	Data Partitioned Table

			Member 0
			---------

				DataPartId 	Metrics
				---------- 	--------------------
				3          	rows_reads:14
				           	object_data_l_reads:14
				           	object_data_lbp_pages_found:14
				           	object_data_gbp_indep_pages_found_in_lbp:14
				           	object_data_caching_tier_gbp_indep_pages_found:14

	Schema: SYSIBM  
	Name: 	SQL240509064049930
	Type: 	Index

			Member 0
			---------

				Metrics
				--------------------
				object_index_l_reads:38006
				object_index_lbp_pages_found:38006
				object_index_gbp_indep_pages_found_in_lbp:38006

	Schema: SYSIBM  
	Name: 	SQL240509072221830
	Type: 	Index

			Member 0
			---------

				Metrics
				--------------------
				object_index_l_reads:28
				object_index_lbp_pages_found:28
				object_index_gbp_indep_pages_found_in_lbp:28

