DB2 Universal Database Version 12.1, 5622-044 (c) Copyright IBM Corp. 1991, 2022
Licensed Material - Program Property of IBM
IBM Db2 Explain Table Format Tool



******************** EXPLAIN INSTANCE ********************

DB2_VERSION:       12.01.0
FORMATTED ON DB:   TPCDS
SOURCE_NAME:       SQLC2Q31
SOURCE_SCHEMA:     NULLID  
SOURCE_VERSION:      
EXPLAIN_TIME:      2024-05-30-10.21.10.041954
EXPLAIN_REQUESTER: SHAIKHQ 

Database Context:
----------------
	Parallelism:          None
	CPU Speed:            4.000000e-05
	Comm Speed:           0
	Buffer Pool size:     132072
	Sort Heap size:       1000
	Database Heap size:   1200
	Lock List size:       4096
	Maximum Lock List:    10
	Average Applications: 1
	Locks Available:      13107

Package Context:
---------------
	SQL Type:           Dynamic
	Optimization Level: 5
	Blocking:           Block All Cursors
	Isolation Level:    Cursor Stability



---------------- STATEMENT 1  SECTION 201 ----------------
	QUERYNO:       0
	QUERYTAG:      CLP                 
	Statement Type:   Select
	Updatable:        No
	Deletable:        No
	Query Degree:     1

Original Statement:
------------------
SELECT 
  TPCDS.CATALOG_PAGE.CP_START_DATE_SK,
  TPCDS.DATE_DIM2.D_DOW 
FROM 
  TPCDS.CATALOG_PAGE 
  INNER JOIN TPCDS.DATE_DIM2 
  ON TPCDS.DATE_DIM2.D_DATE_SK = TPCDS.CATALOG_PAGE.CP_END_DATE_SK 
WHERE 
  TPCDS.DATE_DIM2.D_YEAR <= 2021 AND 
  TPCDS.CATALOG_PAGE.CP_CATALOG_PAGE_SK >= 3109


Optimized Statement:
-------------------
SELECT 
  Q1.CP_START_DATE_SK AS "CP_START_DATE_SK",
  Q2.D_DOW AS "D_DOW" 
FROM 
  TPCDS.CATALOG_PAGE AS Q1,
  TPCDS.DATE_DIM2 AS Q2 
WHERE 
  (Q2.D_DATE_SK = Q1.CP_END_DATE_SK) AND 
  (3109 <= Q1.CP_CATALOG_PAGE_SK) AND 
  (Q2.D_YEAR <= 2021)

Explain level:    Explain from section

Access Plan:
-----------
	Total Cost: 		3815.19
	Query Degree:		1


                           Rows 
                        Rows Actual
                          RETURN
                          (   1)
                           Cost 
                            I/O 
                            |
                          92188.5 
                           8534 
                          ^NLJOIN
                          (   2)
                          3815.19 
                            NA 
                 /----------+-----------\
             8609.04                    10.7083 
              8610                     0.991173 
             FETCH                      FETCH 
             (   3)                     (   5)
             1135.99                    16.1783 
               NA                         NA 
           /---+----\                /----+-----\
       8609.04       11718          1            73049 
        8610          NA        0.991173          NA 
       IXSCAN   TABLE: TPCDS     IXSCAN   DP-TABLE: TPCDS   
       (   4)    CATALOG_PAGE    (   6)        DATE_DIM2
       665.202        Q1         8.36947          Q2
         NA                        NA 
         |                         |
        11718                     73049 
         NA                        NA 
   INDEX: SYSIBM             INDEX: SYSIBM  
 SQL240509064039690        SQL240509072221830
         Q1                        Q2


Operator Symbols :
------------------

   Symbol      Description
   ---------   ------------------------------------------
   >JOIN     : Left outer join
    JOIN<    : Right outer join
   >JOIN<    : Full outer join
   xJOIN     : Left antijoin
    JOINx    : Right antijoin
   ^JOIN     : Left early out
    JOIN^    : Right early out


Extended Diagnostic Information:
--------------------------------

No extended Diagnostic Information for this statement.


Plan Details:
-------------


	1) RETURN: (Return Result)
		Cumulative Total Cost: 		3815.19
		Cumulative First Row Cost: 	32.4587
		Estimated Bufferpool Buffers: 	119

		Arguments:
		---------
		BLDLEVEL: (Build level)
			DB2 v12.1.0.0 : z2212010100
		ENVVAR  : (Environment Variable)
			DB2_SELECTIVITY=MODEL_JOIN_CARD ON
		EXECUTID: (Executable ID)
			0100000000000000B59101000000000000000000020020240530102109666192
		HEAPUSE : (Maximum Statement Heap Usage)
			128 Pages
		PLANID  : (Access plan identifier)
			b5446de1879e8eaf
		SEMEVID : (Semantic environment identifier)
			0000000000000001
		STMTHEAP: (Statement heap size)
			8192
		STMTID  : (Normalized statement identifier)
			2414b1ebde212e6b
		TENANTID: (Compiled In Tenant ID)
			0
		TENANTNM: (Compiled In Tenant Name)
			SYSTEM

		Input Streams:
		-------------
			9) From Operator #2

				Estimated number of rows: 	92188.5
				Actual number of rows: 		8534


	2) NLJOIN: (Nested Loop Join)
		Cumulative Total Cost: 		3815.19
		Cumulative First Row Cost: 	32.4587
		Estimated Bufferpool Buffers: 	119

		Arguments:
		---------
		EARLYOUT: (Early Out flag)
			LEFT
		FETCHMAX: (Override for FETCH MAXPAGES)
			IGNORE
		ISCANMAX: (Override for ISCAN MAXPAGES)
			IGNORE

		Predicates:
		----------
		2) Predicate used in Join, 
			Comparison Operator: 		Equal (=)
			Subquery Input Required: 	No
			Filter Factor: 				1.36894e-05

			Predicate Text:
			--------------
			(Q2.D_DATE_SK = Q1.CP_END_DATE_SK)



		Input Streams:
		-------------
			4) From Operator #3

				Estimated number of rows: 	8609.04
				Actual number of rows: 		8610

			8) From Operator #5

				Estimated number of rows: 	10.7083
				Actual number of rows: 		0.991173


		Output Streams:
		--------------
			9) To Operator #1

				Estimated number of rows: 	92188.5
				Actual number of rows: 		8534


	3) FETCH : (Fetch)
		Cumulative Total Cost: 		1135.99
		Cumulative First Row Cost: 	16.6774
		Estimated Bufferpool Buffers: 	93

		Arguments:
		---------
		CUR_COMM: (Currently Committed)
			TRUE
		JN INPUT: (Join input leg)
			OUTER
		LCKAVOID: (Lock Avoidance)
			TRUE
		MAXPAGES: (Maximum pages for prefetch)
			83
		PREFETCH: (Type of Prefetch)
			READAHEAD           
		ROWLOCK : (Row Lock intent)
			SHARE (CS/RS)
		SKIP_INS: (Skip Inserted Rows)
			TRUE
		SPEED   : (Assumed speed of scan, in sharing structures)
			SLOW
		TABLOCK : (Table Lock intent)
			INTENT SHARE
		TBISOLVL: (Table access Isolation Level)
			CURSOR STABILITY
		THROTTLE: (Scan may be throttled, for scan sharing)
			FALSE
		VISIBLE : (May be included in scan sharing structures)
			FALSE
		WRAPPING: (Scan may start anywhere and wrap)
			FALSE

		Input Streams:
		-------------
			2) From Operator #4

				Estimated number of rows: 	8609.04
				Actual number of rows: 		8610

			3) From Object TPCDS.CATALOG_PAGE

				Estimated number of rows: 	11718

				Column Names:
				------------
				+Q1.CP_START_DATE_SK+Q1.CP_END_DATE_SK


		Output Streams:
		--------------
			4) To Operator #2

				Estimated number of rows: 	8609.04
				Actual number of rows: 		8610


	4) IXSCAN: (Index Scan)
		Cumulative Total Cost: 		665.202
		Cumulative First Row Cost: 	9.23599
		Estimated Bufferpool Buffers: 	10

		Arguments:
		---------
		CUR_COMM: (Currently Committed)
			TRUE
		LCKAVOID: (Lock Avoidance)
			TRUE
		MAXPAGES: (Maximum pages for prefetch)
			9
		PREFETCH: (Type of Prefetch)
			READAHEAD           
		ROWLOCK : (Row Lock intent)
			SHARE (CS/RS)
		SCANDIR : (Scan Direction)
			FORWARD
		SKIP_INS: (Skip Inserted Rows)
			TRUE
		TABLOCK : (Table Lock intent)
			INTENT SHARE
		TBISOLVL: (Table access Isolation Level)
			CURSOR STABILITY

		Predicates:
		----------
		3) Start Key Predicate, 
			Comparison Operator: 		Less Than or Equal (<=)
			Subquery Input Required: 	No
			Filter Factor: 				0.734685

			Predicate Text:
			--------------
			(3109 <= Q1.CP_CATALOG_PAGE_SK)



		Input Streams:
		-------------
			1) From Object SYSIBM.SQL240509064039690

				Estimated number of rows: 	11718

				Column Names:
				------------
				+Q1.CP_CATALOG_PAGE_SK(A)+Q1.$RID$


		Output Streams:
		--------------
			2) To Operator #3

				Estimated number of rows: 	8609.04
				Actual number of rows: 		8610


	5) FETCH : (Fetch)
		Cumulative Total Cost: 		16.1783
		Cumulative First Row Cost: 	15.7813
		Estimated Bufferpool Buffers: 	25

		Arguments:
		---------
		CUR_COMM: (Currently Committed)
			TRUE
		GLOBLOCK: (Global Lock intent)
			INTENT SHARE
		JN INPUT: (Join input leg)
			INNER
		LCKAVOID: (Lock Avoidance)
			TRUE
		MAXPAGES: (Maximum pages for prefetch)
			1
		PREFETCH: (Type of Prefetch)
			NONE                
		ROWLOCK : (Row Lock intent)
			SHARE (CS/RS)
		SKIP_INS: (Skip Inserted Rows)
			TRUE
		SPEED   : (Assumed speed of scan, in sharing structures)
			SLOW
		TABLOCK : (Table Lock intent)
			INTENT SHARE
		TBISOLVL: (Table access Isolation Level)
			CURSOR STABILITY
		THROTTLE: (Scan may be throttled, for scan sharing)
			FALSE
		VISIBLE : (May be included in scan sharing structures)
			FALSE
		WRAPPING: (Scan may start anywhere and wrap)
			FALSE

		Predicates:
		----------
		4) Sargable Predicate, 
			Comparison Operator: 		Less Than or Equal (<=)
			Subquery Input Required: 	No
			Filter Factor: 				0.590234

			Predicate Text:
			--------------
			(Q2.D_YEAR <= 2021)



		Input Streams:
		-------------
			6) From Operator #6

				Estimated number of rows: 	1
				Actual number of rows: 		0.991173

			7) From Object TPCDS.DATE_DIM2

				Estimated number of rows: 	73049

				Column Names:
				------------
				+Q2.D_DOW+Q2.D_YEAR


		Output Streams:
		--------------
			8) To Operator #2

				Estimated number of rows: 	10.7083
				Actual number of rows: 		0.991173


	6) IXSCAN: (Index Scan)
		Cumulative Total Cost: 		8.36947
		Cumulative First Row Cost: 	8.35547
		Estimated Bufferpool Buffers: 	3

		Arguments:
		---------
		CUR_COMM: (Currently Committed)
			TRUE
		DPESTFLG: (Number of data partitions accessed are Estimated)
			FALSE
		DPLSTPRT: (List of data partitions accessed)
			- (NULL).
		DPNUMPRT: (Number of data partitions accessed)
			9
		GLOBLOCK: (Global Lock intent)
			INTENT SHARE
		LCKAVOID: (Lock Avoidance)
			TRUE
		MAXPAGES: (Maximum pages for prefetch)
			1
		PREFETCH: (Type of Prefetch)
			READAHEAD           
		ROWLOCK : (Row Lock intent)
			SHARE (CS/RS)
		SCANDIR : (Scan Direction)
			FORWARD
		SKIP_INS: (Skip Inserted Rows)
			TRUE
		TABLOCK : (Table Lock intent)
			INTENT SHARE
		TBISOLVL: (Table access Isolation Level)
			CURSOR STABILITY

		Predicates:
		----------
		2) Start Key Predicate, 
			Comparison Operator: 		Equal (=)
			Subquery Input Required: 	No
			Filter Factor: 				1.36894e-05

			Predicate Text:
			--------------
			(Q2.D_DATE_SK = Q1.CP_END_DATE_SK)


		2) Stop Key Predicate, 
			Comparison Operator: 		Equal (=)
			Subquery Input Required: 	No
			Filter Factor: 				1.36894e-05

			Predicate Text:
			--------------
			(Q2.D_DATE_SK = Q1.CP_END_DATE_SK)



		Input Streams:
		-------------
			5) From Object SYSIBM.SQL240509072221830

				Estimated number of rows: 	73049

				Column Names:
				------------
				+Q2.D_DATE_SK(A)+Q2.$RID$


		Output Streams:
		--------------
			6) To Operator #5

				Estimated number of rows: 	1
				Actual number of rows: 		0.991173


Objects Used in Access Plan:
---------------------------

	Schema:   TPCDS   
	Name:     DATE_DIM2
	Type:     Data Partitioned Table
			Last statistics update: 	2024-05-30-07.28.51.002480
			Number of rows: 		73049
			Number of buffer pool pages: 	656
			Distinct row values: 		No
			Tablespace name: 		<VARIOUS>
			Tablespace overhead: 		6.725000
			Tablespace transfer rate: 	0.160000
			Prefetch page count: 		32
			Container extent page count: 	32
			Table overflow record count: 	0
			Table Active Blocks: 		-1
			Average Row Compression Ratio: 	0
			Percentage Rows Compressed: 	0
			Average Compressed Row Size: 	0

	Schema:   SYSIBM  
	Name:     SQL240509064039690
	Type:     Index
			Last statistics update: 	2024-05-30-07.27.54.670678
			Number of rows: 		11718
			Number of buffer pool pages: 	114
			Distinct row values: 		Yes
			Tablespace name: 		TS_SD_SMALL_001
			Tablespace overhead: 		6.725000
			Tablespace transfer rate: 	0.160000
			Prefetch page count: 		32
			Container extent page count: 	32
			Index clustering statistic: 	1.000000
			Index leaf pages: 		13
			Index tree levels: 		2
			Index full key cardinality: 	11718
			Base Table Schema: 		TPCDS   
			Base Table Name: 		CATALOG_PAGE
			Columns in index:
				CP_CATALOG_PAGE_SK(A)
			Null keys: 			Yes

	Schema:   SYSIBM  
	Name:     SQL240509072221830
	Type:     Index
			Last statistics update: 	2024-05-30-07.28.51.002480
			Number of rows: 		73049
			Number of buffer pool pages: 	656
			Distinct row values: 		Yes
			Tablespace name: 		TS_SD_SMALL_001
			Tablespace overhead: 		6.725000
			Tablespace transfer rate: 	0.160000
			Prefetch page count: 		32
			Container extent page count: 	32
			Index clustering statistic: 	0.988398
			Index leaf pages: 		85
			Index tree levels: 		2
			Index full key cardinality: 	73049
			Base Table Schema: 		TPCDS   
			Base Table Name: 		DATE_DIM2
			Columns in index:
				D_DATE_SK(A)
			Null keys: 			Yes

	Schema:   TPCDS   
	Name:     CATALOG_PAGE
	Type:     Table
			Last statistics update: 	2024-05-30-07.27.54.670678
			Number of rows: 		11718
			Number of buffer pool pages: 	114
			Distinct row values: 		No
			Tablespace name: 		TS_SD_SMALL_001
			Tablespace overhead: 		6.725000
			Tablespace transfer rate: 	0.160000
			Prefetch page count: 		32
			Container extent page count: 	32
			Table overflow record count: 	0
			Table Active Blocks: 		-1
			Average Row Compression Ratio: 	0
			Percentage Rows Compressed: 	0
			Average Compressed Row Size: 	0

Runtime statistics for objects Used in Access Plan:
-----------------------------------------------------

	Schema: TPCDS   
	Name: 	DATE_DIM2
	Type: 	Data Partitioned Table

			Member 0
			---------

				DataPartId 	Metrics
				---------- 	--------------------
				2          	rows_reads:776
				           	object_data_l_reads:776
				           	object_data_lbp_pages_found:776
				           	object_data_gbp_indep_pages_found_in_lbp:776
				           	object_data_caching_tier_gbp_indep_pages_found:776
				3          	rows_reads:1928
				           	object_data_l_reads:1928
				           	object_data_lbp_pages_found:1928
				           	object_data_gbp_indep_pages_found_in_lbp:1928
				           	object_data_caching_tier_gbp_indep_pages_found:1928
				4          	rows_reads:1927
				           	object_data_l_reads:1927
				           	object_data_lbp_pages_found:1927
				           	object_data_gbp_indep_pages_found_in_lbp:1927
				           	object_data_caching_tier_gbp_indep_pages_found:1927
				5          	rows_reads:1925
				           	object_data_l_reads:1925
				           	object_data_lbp_pages_found:1925
				           	object_data_gbp_indep_pages_found_in_lbp:1925
				           	object_data_caching_tier_gbp_indep_pages_found:1925
				6          	rows_reads:1924
				           	object_data_l_reads:1924
				           	object_data_lbp_pages_found:1924
				           	object_data_gbp_indep_pages_found_in_lbp:1924
				           	object_data_caching_tier_gbp_indep_pages_found:1924
				7          	rows_reads:54
				           	object_data_l_reads:54
				           	object_data_lbp_pages_found:54
				           	object_data_gbp_indep_pages_found_in_lbp:54
				           	object_data_caching_tier_gbp_indep_pages_found:54

	Schema: SYSIBM  
	Name: 	SQL240509064039690
	Type: 	Index

			Member 0
			---------

				Metrics
				--------------------
				object_index_l_reads:11
				object_index_lbp_pages_found:11
				object_index_gbp_indep_pages_found_in_lbp:11

	Schema: SYSIBM  
	Name: 	SQL240509072221830
	Type: 	Index

			Member 0
			---------

				Metrics
				--------------------
				object_index_l_reads:17068
				object_index_lbp_pages_found:17068
				object_index_gbp_indep_pages_found_in_lbp:17068

	Schema: TPCDS   
	Name: 	CATALOG_PAGE
	Type: 	Table

			Member 0
			---------

				Metrics
				--------------------
				rows_reads:8610
				object_data_l_reads:84
				object_data_lbp_pages_found:84
				object_data_gbp_indep_pages_found_in_lbp:84
				object_data_caching_tier_gbp_indep_pages_found:84

