DB2 Universal Database Version 12.1, 5622-044 (c) Copyright IBM Corp. 1991, 2022
Licensed Material - Program Property of IBM
IBM Db2 Explain Table Format Tool



******************** EXPLAIN INSTANCE ********************

DB2_VERSION:       12.01.0
FORMATTED ON DB:   TPCDS
SOURCE_NAME:       SQLC2Q31
SOURCE_SCHEMA:     NULLID  
SOURCE_VERSION:      
EXPLAIN_TIME:      2024-05-30-11.45.07.018843
EXPLAIN_REQUESTER: SHAIKHQ 

Database Context:
----------------
	Parallelism:          None
	CPU Speed:            4.000000e-05
	Comm Speed:           0
	Buffer Pool size:     132072
	Sort Heap size:       1000
	Database Heap size:   1200
	Lock List size:       4096
	Maximum Lock List:    10
	Average Applications: 1
	Locks Available:      13107

Package Context:
---------------
	SQL Type:           Dynamic
	Optimization Level: 5
	Blocking:           Block All Cursors
	Isolation Level:    Cursor Stability



---------------- STATEMENT 1  SECTION 201 ----------------
	QUERYNO:       0
	QUERYTAG:      CLP                 
	Statement Type:   Select
	Updatable:        No
	Deletable:        No
	Query Degree:     1

Original Statement:
------------------
SELECT 
  TPCDS.CATALOG_PAGE.CP_CATALOG_PAGE_SK,
  TPCDS.DATE_DIM2.D_FY_YEAR 
FROM 
  TPCDS.CATALOG_PAGE 
  INNER JOIN TPCDS.DATE_DIM2 
  ON TPCDS.DATE_DIM2.D_DATE_SK = TPCDS.CATALOG_PAGE.CP_END_DATE_SK 
WHERE 
  TPCDS.DATE_DIM2.D_DATE_SK >= 2430400 AND 
  TPCDS.DATE_DIM2.D_SAME_DAY_LQ <= 2454258


Optimized Statement:
-------------------
SELECT 
  Q1.CP_CATALOG_PAGE_SK AS "CP_CATALOG_PAGE_SK",
  Q2.D_FY_YEAR AS "D_FY_YEAR" 
FROM 
  TPCDS.CATALOG_PAGE AS Q1,
  TPCDS.DATE_DIM2 AS Q2 
WHERE 
  (Q2.D_DATE_SK = Q1.CP_END_DATE_SK) AND 
  (Q2.D_SAME_DAY_LQ <= 2454258) AND 
  (2430400 <= Q2.D_DATE_SK)

Explain level:    Explain from section

Access Plan:
-----------
	Total Cost: 		5019.65
	Query Degree:		1


                Rows 
             Rows Actual
               RETURN
               (   1)
                Cost 
                 I/O 
                 |
               81649.4 
                11610 
               ^NLJOIN
               (   2)
               5019.65 
                 NA 
         /-------+-------\
     11369.3             7.18158 
      11610                 1 
     TBSCAN              FETCH 
     (   3)              (   4)
     1164.97             16.1363 
       NA                  NA 
       |              /----+-----\
      11718       7.18158         73049 
       NA            1             NA 
 TABLE: TPCDS     IXSCAN   DP-TABLE: TPCDS   
  CATALOG_PAGE    (   5)        DATE_DIM2
       Q1         8.41307          Q2
                    NA 
                    |
                   73049 
                    NA 
              INDEX: SYSIBM  
            SQL240509072221830
                    Q2


Operator Symbols :
------------------

   Symbol      Description
   ---------   ------------------------------------------
   >JOIN     : Left outer join
    JOIN<    : Right outer join
   >JOIN<    : Full outer join
   xJOIN     : Left antijoin
    JOINx    : Right antijoin
   ^JOIN     : Left early out
    JOIN^    : Right early out


Extended Diagnostic Information:
--------------------------------

No extended Diagnostic Information for this statement.


Plan Details:
-------------


	1) RETURN: (Return Result)
		Cumulative Total Cost: 		5019.65
		Cumulative First Row Cost: 	24.7975
		Estimated Bufferpool Buffers: 	139

		Arguments:
		---------
		BLDLEVEL: (Build level)
			DB2 v12.1.0.0 : z2212010100
		ENVVAR  : (Environment Variable)
			DB2_SELECTIVITY=MODEL_JOIN_CARD ON
		EXECUTID: (Executable ID)
			0100000000000000203A02000000000000000000020020240530114506599359
		HEAPUSE : (Maximum Statement Heap Usage)
			128 Pages
		PLANID  : (Access plan identifier)
			cbaf6ef00288f24a
		SEMEVID : (Semantic environment identifier)
			0000000000000001
		STMTHEAP: (Statement heap size)
			8192
		STMTID  : (Normalized statement identifier)
			f4c33d9e75fdea0a
		TENANTID: (Compiled In Tenant ID)
			0
		TENANTNM: (Compiled In Tenant Name)
			SYSTEM

		Input Streams:
		-------------
			7) From Operator #2

				Estimated number of rows: 	81649.4
				Actual number of rows: 		11610


	2) NLJOIN: (Nested Loop Join)
		Cumulative Total Cost: 		5019.65
		Cumulative First Row Cost: 	24.7975
		Estimated Bufferpool Buffers: 	139

		Arguments:
		---------
		EARLYOUT: (Early Out flag)
			LEFT
		FETCHMAX: (Override for FETCH MAXPAGES)
			IGNORE
		ISCANMAX: (Override for ISCAN MAXPAGES)
			IGNORE

		Predicates:
		----------
		3) Predicate used in Join, 
			Comparison Operator: 		Equal (=)
			Subquery Input Required: 	No
			Filter Factor: 				1.73397e-05

			Predicate Text:
			--------------
			(Q2.D_DATE_SK = Q1.CP_END_DATE_SK)



		Input Streams:
		-------------
			2) From Operator #3

				Estimated number of rows: 	11369.3
				Actual number of rows: 		11610

			6) From Operator #4

				Estimated number of rows: 	7.18158
				Actual number of rows: 		1


		Output Streams:
		--------------
			7) To Operator #1

				Estimated number of rows: 	81649.4
				Actual number of rows: 		11610


	3) TBSCAN: (Table Scan)
		Cumulative Total Cost: 		1164.97
		Cumulative First Row Cost: 	8.99843
		Estimated Bufferpool Buffers: 	114

		Arguments:
		---------
		CUR_COMM: (Currently Committed)
			TRUE
		JN INPUT: (Join input leg)
			OUTER
		LCKAVOID: (Lock Avoidance)
			TRUE
		MAXPAGES: (Maximum pages for prefetch)
			ALL
		PREFETCH: (Type of Prefetch)
			SEQUENTIAL          
		ROWLOCK : (Row Lock intent)
			SHARE (CS/RS)
		SCANDIR : (Scan Direction)
			FORWARD
		SKIP_INS: (Skip Inserted Rows)
			TRUE
		SPEED   : (Assumed speed of scan, in sharing structures)
			SLOW
		TABLOCK : (Table Lock intent)
			INTENT SHARE
		TBISOLVL: (Table access Isolation Level)
			CURSOR STABILITY
		THROTTLE: (Scan may be throttled, for scan sharing)
			TRUE
		VISIBLE : (May be included in scan sharing structures)
			TRUE
		WRAPPING: (Scan may start anywhere and wrap)
			TRUE

		Predicates:
		----------
		2) Sargable Predicate, 
			Comparison Operator: 		Less Than or Equal (<=)
			Subquery Input Required: 	No
			Filter Factor: 				0.970242

			Predicate Text:
			--------------
			(2430400 <= Q1.CP_END_DATE_SK)



		Input Streams:
		-------------
			1) From Object TPCDS.CATALOG_PAGE

				Estimated number of rows: 	11718

				Column Names:
				------------
				+Q1.$RID$+Q1.CP_CATALOG_PAGE_SK
				+Q1.CP_END_DATE_SK


		Output Streams:
		--------------
			2) To Operator #2

				Estimated number of rows: 	11369.3
				Actual number of rows: 		11610


	4) FETCH : (Fetch)
		Cumulative Total Cost: 		16.1363
		Cumulative First Row Cost: 	15.7991
		Estimated Bufferpool Buffers: 	25

		Arguments:
		---------
		CUR_COMM: (Currently Committed)
			TRUE
		GLOBLOCK: (Global Lock intent)
			INTENT SHARE
		JN INPUT: (Join input leg)
			INNER
		LCKAVOID: (Lock Avoidance)
			TRUE
		MAXPAGES: (Maximum pages for prefetch)
			1
		PREFETCH: (Type of Prefetch)
			NONE                
		ROWLOCK : (Row Lock intent)
			SHARE (CS/RS)
		SKIP_INS: (Skip Inserted Rows)
			TRUE
		SPEED   : (Assumed speed of scan, in sharing structures)
			SLOW
		TABLOCK : (Table Lock intent)
			INTENT SHARE
		TBISOLVL: (Table access Isolation Level)
			CURSOR STABILITY
		THROTTLE: (Scan may be throttled, for scan sharing)
			FALSE
		VISIBLE : (May be included in scan sharing structures)
			FALSE
		WRAPPING: (Scan may start anywhere and wrap)
			FALSE

		Predicates:
		----------
		4) Sargable Predicate, 
			Comparison Operator: 		Less Than or Equal (<=)
			Subquery Input Required: 	No
			Filter Factor: 				0.516693

			Predicate Text:
			--------------
			(Q2.D_SAME_DAY_LQ <= 2454258)



		Input Streams:
		-------------
			4) From Operator #5

				Estimated number of rows: 	7.18158
				Actual number of rows: 		1

			5) From Object TPCDS.DATE_DIM2

				Estimated number of rows: 	73049

				Column Names:
				------------
				+Q2.D_FY_YEAR+Q2.D_SAME_DAY_LQ


		Output Streams:
		--------------
			6) To Operator #2

				Estimated number of rows: 	7.18158
				Actual number of rows: 		1


	5) IXSCAN: (Index Scan)
		Cumulative Total Cost: 		8.41307
		Cumulative First Row Cost: 	8.37327
		Estimated Bufferpool Buffers: 	3

		Arguments:
		---------
		CUR_COMM: (Currently Committed)
			TRUE
		DPESTFLG: (Number of data partitions accessed are Estimated)
			FALSE
		DPLSTPRT: (List of data partitions accessed)
			- (NULL).
		DPNUMPRT: (Number of data partitions accessed)
			9
		GLOBLOCK: (Global Lock intent)
			INTENT SHARE
		LCKAVOID: (Lock Avoidance)
			TRUE
		MAXPAGES: (Maximum pages for prefetch)
			1
		PREFETCH: (Type of Prefetch)
			READAHEAD           
		ROWLOCK : (Row Lock intent)
			SHARE (CS/RS)
		SCANDIR : (Scan Direction)
			FORWARD
		SKIP_INS: (Skip Inserted Rows)
			TRUE
		TABLOCK : (Table Lock intent)
			INTENT SHARE
		TBISOLVL: (Table access Isolation Level)
			CURSOR STABILITY

		Predicates:
		----------
		3) Start Key Predicate, 
			Comparison Operator: 		Equal (=)
			Subquery Input Required: 	No
			Filter Factor: 				1.73397e-05

			Predicate Text:
			--------------
			(Q2.D_DATE_SK = Q1.CP_END_DATE_SK)


		3) Stop Key Predicate, 
			Comparison Operator: 		Equal (=)
			Subquery Input Required: 	No
			Filter Factor: 				1.73397e-05

			Predicate Text:
			--------------
			(Q2.D_DATE_SK = Q1.CP_END_DATE_SK)


		5) Sargable Predicate, 
			Comparison Operator: 		Less Than or Equal (<=)
			Subquery Input Required: 	No
			Filter Factor: 				0.789484

			Predicate Text:
			--------------
			(2430400 <= Q2.D_DATE_SK)



		Input Streams:
		-------------
			3) From Object SYSIBM.SQL240509072221830

				Estimated number of rows: 	73049

				Column Names:
				------------
				+Q2.D_DATE_SK(A)+Q2.$RID$


		Output Streams:
		--------------
			4) To Operator #4

				Estimated number of rows: 	7.18158
				Actual number of rows: 		1


Objects Used in Access Plan:
---------------------------

	Schema:   TPCDS   
	Name:     DATE_DIM2
	Type:     Data Partitioned Table
			Last statistics update: 	2024-05-30-07.28.51.002480
			Number of rows: 		73049
			Number of buffer pool pages: 	656
			Distinct row values: 		No
			Tablespace name: 		<VARIOUS>
			Tablespace overhead: 		6.725000
			Tablespace transfer rate: 	0.160000
			Prefetch page count: 		32
			Container extent page count: 	32
			Table overflow record count: 	0
			Table Active Blocks: 		-1
			Average Row Compression Ratio: 	0
			Percentage Rows Compressed: 	0
			Average Compressed Row Size: 	0

	Schema:   SYSIBM  
	Name:     SQL240509072221830
	Type:     Index
			Last statistics update: 	2024-05-30-07.28.51.002480
			Number of rows: 		73049
			Number of buffer pool pages: 	656
			Distinct row values: 		Yes
			Tablespace name: 		TS_SD_SMALL_001
			Tablespace overhead: 		6.725000
			Tablespace transfer rate: 	0.160000
			Prefetch page count: 		32
			Container extent page count: 	32
			Index clustering statistic: 	0.988398
			Index leaf pages: 		85
			Index tree levels: 		2
			Index full key cardinality: 	73049
			Base Table Schema: 		TPCDS   
			Base Table Name: 		DATE_DIM2
			Columns in index:
				D_DATE_SK(A)
			Null keys: 			Yes

	Schema:   TPCDS   
	Name:     CATALOG_PAGE
	Type:     Table
			Last statistics update: 	2024-05-30-07.27.54.670678
			Number of rows: 		11718
			Number of buffer pool pages: 	114
			Distinct row values: 		No
			Tablespace name: 		TS_SD_SMALL_001
			Tablespace overhead: 		6.725000
			Tablespace transfer rate: 	0.160000
			Prefetch page count: 		32
			Container extent page count: 	32
			Table overflow record count: 	0
			Table Active Blocks: 		-1
			Average Row Compression Ratio: 	0
			Percentage Rows Compressed: 	0
			Average Compressed Row Size: 	0

Runtime statistics for objects Used in Access Plan:
-----------------------------------------------------

	Schema: TPCDS   
	Name: 	DATE_DIM2
	Type: 	Data Partitioned Table

			Member 0
			---------

				DataPartId 	Metrics
				---------- 	--------------------
				1          	rows_reads:1930
				           	object_data_l_reads:1930
				           	object_data_lbp_pages_found:1930
				           	object_data_gbp_indep_pages_found_in_lbp:1930
				           	object_data_caching_tier_gbp_indep_pages_found:1930
				2          	rows_reads:1922
				           	object_data_l_reads:1922
				           	object_data_lbp_pages_found:1922
				           	object_data_gbp_indep_pages_found_in_lbp:1922
				           	object_data_caching_tier_gbp_indep_pages_found:1922
				3          	rows_reads:1928
				           	object_data_l_reads:1928
				           	object_data_lbp_pages_found:1928
				           	object_data_gbp_indep_pages_found_in_lbp:1928
				           	object_data_caching_tier_gbp_indep_pages_found:1928
				4          	rows_reads:1927
				           	object_data_l_reads:1927
				           	object_data_lbp_pages_found:1927
				           	object_data_gbp_indep_pages_found_in_lbp:1927
				           	object_data_caching_tier_gbp_indep_pages_found:1927
				5          	rows_reads:1925
				           	object_data_l_reads:1925
				           	object_data_lbp_pages_found:1925
				           	object_data_gbp_indep_pages_found_in_lbp:1925
				           	object_data_caching_tier_gbp_indep_pages_found:1925
				6          	rows_reads:1924
				           	object_data_l_reads:1924
				           	object_data_lbp_pages_found:1924
				           	object_data_gbp_indep_pages_found_in_lbp:1924
				           	object_data_caching_tier_gbp_indep_pages_found:1924
				7          	rows_reads:54
				           	object_data_l_reads:54
				           	object_data_lbp_pages_found:54
				           	object_data_gbp_indep_pages_found_in_lbp:54
				           	object_data_caching_tier_gbp_indep_pages_found:54

	Schema: SYSIBM  
	Name: 	SQL240509072221830
	Type: 	Index

			Member 0
			---------

				Metrics
				--------------------
				object_index_l_reads:23220
				object_index_lbp_pages_found:23220
				object_index_gbp_indep_pages_found_in_lbp:23220

	Schema: TPCDS   
	Name: 	CATALOG_PAGE
	Type: 	Table

			Member 0
			---------

				Metrics
				--------------------
				rows_reads:11718
				object_data_l_reads:114
				object_data_lbp_pages_found:114
				object_data_gbp_indep_pages_found_in_lbp:114
				object_data_caching_tier_gbp_indep_pages_found:114

