DB2 Universal Database Version 12.1, 5622-044 (c) Copyright IBM Corp. 1991, 2022
Licensed Material - Program Property of IBM
IBM Db2 Explain Table Format Tool



******************** EXPLAIN INSTANCE ********************

DB2_VERSION:       12.01.0
FORMATTED ON DB:   TPCDS
SOURCE_NAME:       SQLC2Q31
SOURCE_SCHEMA:     NULLID  
SOURCE_VERSION:      
EXPLAIN_TIME:      2024-05-30-14.04.33.367818
EXPLAIN_REQUESTER: SHAIKHQ 

Database Context:
----------------
	Parallelism:          None
	CPU Speed:            4.000000e-05
	Comm Speed:           0
	Buffer Pool size:     132072
	Sort Heap size:       1000
	Database Heap size:   1200
	Lock List size:       4096
	Maximum Lock List:    10
	Average Applications: 1
	Locks Available:      13107

Package Context:
---------------
	SQL Type:           Dynamic
	Optimization Level: 5
	Blocking:           Block All Cursors
	Isolation Level:    Cursor Stability



---------------- STATEMENT 1  SECTION 201 ----------------
	QUERYNO:       0
	QUERYTAG:      CLP                 
	Statement Type:   Select
	Updatable:        No
	Deletable:        No
	Query Degree:     1

Original Statement:
------------------
SELECT 
  TPCDS.WEB_SALES.WS_BILL_ADDR_SK,
  TPCDS.DATE_DIM2.D_WEEK_SEQ 
FROM 
  TPCDS.WEB_SALES 
  INNER JOIN TPCDS.DATE_DIM2 
  ON TPCDS.DATE_DIM2.D_DATE_SK = TPCDS.WEB_SALES.WS_SHIP_DATE_SK 
WHERE 
  TPCDS.DATE_DIM2.D_FIRST_DOM <= 2454345 AND 
  TPCDS.WEB_SALES.WS_SHIP_MODE_SK = 7


Optimized Statement:
-------------------
SELECT 
  Q1.WS_BILL_ADDR_SK AS "WS_BILL_ADDR_SK",
  Q2.D_WEEK_SEQ AS "D_WEEK_SEQ" 
FROM 
  TPCDS.WEB_SALES AS Q1,
  TPCDS.DATE_DIM2 AS Q2 
WHERE 
  (Q2.D_DATE_SK = Q1.WS_SHIP_DATE_SK) AND 
  (Q1.WS_SHIP_MODE_SK = 7) AND 
  (Q2.D_FIRST_DOM <= 2454345)

Explain level:    Explain from section

Access Plan:
-----------
	Total Cost: 		31921.7
	Query Degree:		1


                  Rows 
               Rows Actual
                 RETURN
                 (   1)
                  Cost 
                   I/O 
                   |
                 16006.4 
                  35969 
                 HSJOIN^
                 (   2)
                 31921.7 
                   NA 
           /-------+-------\
        37909              30843.7 
        39353               35976 
       TBSCAN              TBSCAN
       (   3)              (   4)
       3493.35             27816.6 
         NA                  NA 
         |                   |
        73049              719384 
         NA                  NA 
 DP-TABLE: TPCDS     DP-TABLE: TPCDS   
      DATE_DIM2           WEB_SALES
         Q2                  Q1


Operator Symbols :
------------------

   Symbol      Description
   ---------   ------------------------------------------
   >JOIN     : Left outer join
    JOIN<    : Right outer join
   >JOIN<    : Full outer join
   xJOIN     : Left antijoin
    JOINx    : Right antijoin
   ^JOIN     : Left early out
    JOIN^    : Right early out


Extended Diagnostic Information:
--------------------------------

No extended Diagnostic Information for this statement.


Plan Details:
-------------


	1) RETURN: (Return Result)
		Cumulative Total Cost: 		31921.7
		Cumulative First Row Cost: 	31921.7
		Estimated Bufferpool Buffers: 	656

		Arguments:
		---------
		BLDLEVEL: (Build level)
			DB2 v12.1.0.0 : z2212010100
		ENVVAR  : (Environment Variable)
			DB2_SELECTIVITY=MODEL_JOIN_CARD ON
		EXECUTID: (Executable ID)
			01000000000000006C1003000000000000000000020020240530140432611638
		HEAPUSE : (Maximum Statement Heap Usage)
			112 Pages
		PLANID  : (Access plan identifier)
			80cfb01a00ba3f88
		SEMEVID : (Semantic environment identifier)
			0000000000000001
		STMTHEAP: (Statement heap size)
			8192
		STMTID  : (Normalized statement identifier)
			b5742fa1890abe42
		TENANTID: (Compiled In Tenant ID)
			0
		TENANTNM: (Compiled In Tenant Name)
			SYSTEM

		Input Streams:
		-------------
			5) From Operator #2

				Estimated number of rows: 	16006.4
				Actual number of rows: 		35969


	2) HSJOIN: (Hash Join)
		Cumulative Total Cost: 		31921.7
		Cumulative First Row Cost: 	31921.7
		Estimated Bufferpool Buffers: 	656

		Arguments:
		---------
		BITFLTR : (Hash Join Bit Filter used)
			FALSE
		EARLYOUT: (Early Out flag)
			RIGHT
		HASHCODE: (Hash Code Size)
			24 BIT
		TEMPSIZE: (Temporary Table Page Size)
			16384

		Predicates:
		----------
		2) Predicate used in Join, 
			Comparison Operator: 		Equal (=)
			Subquery Input Required: 	No
			Filter Factor: 				1.36894e-05

			Predicate Text:
			--------------
			(Q2.D_DATE_SK = Q1.WS_SHIP_DATE_SK)



		Input Streams:
		-------------
			2) From Operator #3

				Estimated number of rows: 	37909
				Actual number of rows: 		39353

			4) From Operator #4

				Estimated number of rows: 	30843.7
				Actual number of rows: 		35976


		Output Streams:
		--------------
			5) To Operator #1

				Estimated number of rows: 	16006.4
				Actual number of rows: 		35969


	3) TBSCAN: (Table Scan)
		Cumulative Total Cost: 		3493.35
		Cumulative First Row Cost: 	7.53635
		Estimated Bufferpool Buffers: 	656

		Arguments:
		---------
		CUR_COMM: (Currently Committed)
			TRUE
		DPESTFLG: (Number of data partitions accessed are Estimated)
			FALSE
		DPLSTPRT: (List of data partitions accessed)
			- (NULL).
		DPNUMPRT: (Number of data partitions accessed)
			9
		GLOBLOCK: (Global Lock intent)
			INTENT SHARE
		JN INPUT: (Join input leg)
			OUTER
		LCKAVOID: (Lock Avoidance)
			TRUE
		MAXPAGES: (Maximum pages for prefetch)
			ALL
		PREFETCH: (Type of Prefetch)
			SEQUENTIAL          
		ROWLOCK : (Row Lock intent)
			SHARE (CS/RS)
		SCANDIR : (Scan Direction)
			FORWARD
		SKIP_INS: (Skip Inserted Rows)
			TRUE
		SPEED   : (Assumed speed of scan, in sharing structures)
			FAST
		TABLOCK : (Table Lock intent)
			INTENT SHARE
		TBISOLVL: (Table access Isolation Level)
			CURSOR STABILITY
		THROTTLE: (Scan may be throttled, for scan sharing)
			TRUE
		VISIBLE : (May be included in scan sharing structures)
			TRUE
		WRAPPING: (Scan may start anywhere and wrap)
			TRUE

		Predicates:
		----------
		4) Sargable Predicate, 
			Comparison Operator: 		Less Than or Equal (<=)
			Subquery Input Required: 	No
			Filter Factor: 				0.518952

			Predicate Text:
			--------------
			(Q2.D_FIRST_DOM <= 2454345)



		Input Streams:
		-------------
			1) From Object TPCDS.DATE_DIM2

				Estimated number of rows: 	73049

				Column Names:
				------------
				+Q2.$RID$+Q2.D_WEEK_SEQ+Q2.D_FIRST_DOM
				+Q2.D_DATE_SK


		Output Streams:
		--------------
			2) To Operator #2

				Estimated number of rows: 	37909
				Actual number of rows: 		39353


	4) TBSCAN: (Table Scan)
		Cumulative Total Cost: 		27816.6
		Cumulative First Row Cost: 	8.35507
		Estimated Bufferpool Buffers: 	7918

		Arguments:
		---------
		CUR_COMM: (Currently Committed)
			TRUE
		DPESTFLG: (Number of data partitions accessed are Estimated)
			FALSE
		DPLSTPRT: (List of data partitions accessed)
			- (NULL).
		DPNUMPRT: (Number of data partitions accessed)
			8
		GLOBLOCK: (Global Lock intent)
			INTENT SHARE
		JN INPUT: (Join input leg)
			INNER
		LCKAVOID: (Lock Avoidance)
			TRUE
		MAXPAGES: (Maximum pages for prefetch)
			ALL
		PREFETCH: (Type of Prefetch)
			SEQUENTIAL          
		ROWLOCK : (Row Lock intent)
			SHARE (CS/RS)
		SCANDIR : (Scan Direction)
			FORWARD
		SKIP_INS: (Skip Inserted Rows)
			TRUE
		SPEED   : (Assumed speed of scan, in sharing structures)
			FAST
		TABLOCK : (Table Lock intent)
			INTENT SHARE
		TBISOLVL: (Table access Isolation Level)
			CURSOR STABILITY
		THROTTLE: (Scan may be throttled, for scan sharing)
			TRUE
		VISIBLE : (May be included in scan sharing structures)
			TRUE
		WRAPPING: (Scan may start anywhere and wrap)
			TRUE

		Predicates:
		----------
		3) Sargable Predicate, 
			Comparison Operator: 		Equal (=)
			Subquery Input Required: 	No
			Filter Factor: 				0.0428752

			Predicate Text:
			--------------
			(Q1.WS_SHIP_MODE_SK = 7)



		Input Streams:
		-------------
			3) From Object TPCDS.WEB_SALES

				Estimated number of rows: 	719384

				Column Names:
				------------
				+Q1.$RID$+Q1.WS_BILL_ADDR_SK
				+Q1.WS_SHIP_MODE_SK+Q1.WS_SHIP_DATE_SK


		Output Streams:
		--------------
			4) To Operator #2

				Estimated number of rows: 	30843.7
				Actual number of rows: 		35976


Objects Used in Access Plan:
---------------------------

	Schema:   TPCDS   
	Name:     DATE_DIM2
	Type:     Data Partitioned Table
			Last statistics update: 	2024-05-30-07.28.51.002480
			Number of rows: 		73049
			Number of buffer pool pages: 	656
			Distinct row values: 		No
			Tablespace name: 		<VARIOUS>
			Tablespace overhead: 		6.725000
			Tablespace transfer rate: 	0.160000
			Prefetch page count: 		32
			Container extent page count: 	32
			Table overflow record count: 	0
			Table Active Blocks: 		-1
			Average Row Compression Ratio: 	0
			Percentage Rows Compressed: 	0
			Average Compressed Row Size: 	0

	Schema:   TPCDS   
	Name:     WEB_SALES
	Type:     Data Partitioned Table
			Last statistics update: 	2024-05-30-07.01.53.959284
			Number of rows: 		719384
			Number of buffer pool pages: 	7918
			Distinct row values: 		No
			Tablespace name: 		<VARIOUS>
			Tablespace overhead: 		6.725000
			Tablespace transfer rate: 	0.160000
			Prefetch page count: 		32
			Container extent page count: 	32
			Table overflow record count: 	0
			Table Active Blocks: 		-1
			Average Row Compression Ratio: 	0
			Percentage Rows Compressed: 	0
			Average Compressed Row Size: 	0

Runtime statistics for objects Used in Access Plan:
-----------------------------------------------------

	Schema: TPCDS   
	Name: 	DATE_DIM2
	Type: 	Data Partitioned Table

			Member 0
			---------

				DataPartId 	Metrics
				---------- 	--------------------
				0          	rows_reads:35793
				           	object_data_l_reads:315
				           	object_data_lbp_pages_found:315
				           	object_data_gbp_indep_pages_found_in_lbp:315
				           	object_data_caching_tier_gbp_indep_pages_found:315
				1          	rows_reads:365
				           	object_data_l_reads:5
				           	object_data_lbp_pages_found:5
				           	object_data_gbp_indep_pages_found_in_lbp:5
				           	object_data_caching_tier_gbp_indep_pages_found:5
				2          	rows_reads:365
				           	object_data_l_reads:5
				           	object_data_lbp_pages_found:5
				           	object_data_gbp_indep_pages_found_in_lbp:5
				           	object_data_caching_tier_gbp_indep_pages_found:5
				3          	rows_reads:366
				           	object_data_l_reads:5
				           	object_data_lbp_pages_found:5
				           	object_data_gbp_indep_pages_found_in_lbp:5
				           	object_data_caching_tier_gbp_indep_pages_found:5
				4          	rows_reads:365
				           	object_data_l_reads:5
				           	object_data_lbp_pages_found:5
				           	object_data_gbp_indep_pages_found_in_lbp:5
				           	object_data_caching_tier_gbp_indep_pages_found:5
				5          	rows_reads:365
				           	object_data_l_reads:5
				           	object_data_lbp_pages_found:5
				           	object_data_gbp_indep_pages_found_in_lbp:5
				           	object_data_caching_tier_gbp_indep_pages_found:5
				6          	rows_reads:365
				           	object_data_l_reads:5
				           	object_data_lbp_pages_found:5
				           	object_data_gbp_indep_pages_found_in_lbp:5
				           	object_data_caching_tier_gbp_indep_pages_found:5
				7          	rows_reads:366
				           	object_data_l_reads:5
				           	object_data_lbp_pages_found:5
				           	object_data_gbp_indep_pages_found_in_lbp:5
				           	object_data_caching_tier_gbp_indep_pages_found:5
				8          	rows_reads:34699
				           	object_data_l_reads:306
				           	object_data_lbp_pages_found:306
				           	object_data_gbp_indep_pages_found_in_lbp:306
				           	object_data_caching_tier_gbp_indep_pages_found:306

	Schema: TPCDS   
	Name: 	WEB_SALES
	Type: 	Data Partitioned Table

			Member 0
			---------

				DataPartId 	Metrics
				---------- 	--------------------
				0          	object_data_l_reads:1
				           	object_data_lbp_pages_found:1
				           	object_data_gbp_indep_pages_found_in_lbp:1
				           	object_data_caching_tier_gbp_indep_pages_found:1
				1          	rows_reads:143100
				           	object_data_l_reads:1574
				           	object_data_lbp_pages_found:1574
				           	object_data_gbp_indep_pages_found_in_lbp:1574
				           	object_data_caching_tier_gbp_indep_pages_found:1574
				2          	rows_reads:142857
				           	object_data_l_reads:1572
				           	object_data_lbp_pages_found:1572
				           	object_data_gbp_indep_pages_found_in_lbp:1572
				           	object_data_caching_tier_gbp_indep_pages_found:1572
				3          	rows_reads:142182
				           	object_data_l_reads:1564
				           	object_data_lbp_pages_found:1564
				           	object_data_gbp_indep_pages_found_in_lbp:1564
				           	object_data_caching_tier_gbp_indep_pages_found:1564
				4          	rows_reads:147019
				           	object_data_l_reads:1617
				           	object_data_lbp_pages_found:1617
				           	object_data_gbp_indep_pages_found_in_lbp:1617
				           	object_data_caching_tier_gbp_indep_pages_found:1617
				5          	rows_reads:142498
				           	object_data_l_reads:1568
				           	object_data_lbp_pages_found:1568
				           	object_data_gbp_indep_pages_found_in_lbp:1568
				           	object_data_caching_tier_gbp_indep_pages_found:1568
				6          	rows_reads:1539
				           	object_data_l_reads:18
				           	object_data_lbp_pages_found:18
				           	object_data_gbp_indep_pages_found_in_lbp:18
				           	object_data_caching_tier_gbp_indep_pages_found:18
				7          	rows_reads:189
				           	object_data_l_reads:4
				           	object_data_lbp_pages_found:4
				           	object_data_gbp_indep_pages_found_in_lbp:4
				           	object_data_caching_tier_gbp_indep_pages_found:4

