DB2 Universal Database Version 12.1, 5622-044 (c) Copyright IBM Corp. 1991, 2022
Licensed Material - Program Property of IBM
IBM Db2 Explain Table Format Tool



******************** EXPLAIN INSTANCE ********************

DB2_VERSION:       12.01.0
FORMATTED ON DB:   TPCDS
SOURCE_NAME:       SQLC2Q31
SOURCE_SCHEMA:     NULLID  
SOURCE_VERSION:      
EXPLAIN_TIME:      2024-05-30-08.32.52.068040
EXPLAIN_REQUESTER: SHAIKHQ 

Database Context:
----------------
	Parallelism:          None
	CPU Speed:            4.000000e-05
	Comm Speed:           0
	Buffer Pool size:     132072
	Sort Heap size:       1000
	Database Heap size:   1200
	Lock List size:       4096
	Maximum Lock List:    10
	Average Applications: 1
	Locks Available:      13107

Package Context:
---------------
	SQL Type:           Dynamic
	Optimization Level: 5
	Blocking:           Block All Cursors
	Isolation Level:    Cursor Stability



---------------- STATEMENT 1  SECTION 201 ----------------
	QUERYNO:       0
	QUERYTAG:      CLP                 
	Statement Type:   Select
	Updatable:        No
	Deletable:        No
	Query Degree:     1

Original Statement:
------------------
SELECT 
  TPCDS.DATE_DIM2.D_MONTH_SEQ,
  TPCDS.CUSTOMER.C_CURRENT_CDEMO_SK 
FROM 
  TPCDS.DATE_DIM2 
  INNER JOIN TPCDS.CUSTOMER 
  ON TPCDS.CUSTOMER.C_FIRST_SHIPTO_DATE_SK = TPCDS.DATE_DIM2.D_DATE_SK 
WHERE 
  TPCDS.CUSTOMER.C_CUSTOMER_SK <= 36883 AND 
  TPCDS.CUSTOMER.C_BIRTH_YEAR >= 1969


Optimized Statement:
-------------------
SELECT 
  Q1.D_MONTH_SEQ AS "D_MONTH_SEQ",
  Q2.C_CURRENT_CDEMO_SK AS "C_CURRENT_CDEMO_SK" 
FROM 
  TPCDS.DATE_DIM2 AS Q1,
  TPCDS.CUSTOMER AS Q2 
WHERE 
  (Q2.C_FIRST_SHIPTO_DATE_SK = Q1.D_DATE_SK) AND 
  (1969 <= Q2.C_BIRTH_YEAR) AND 
  (Q2.C_CUSTOMER_SK <= 36883)

Explain level:    Explain from section

Access Plan:
-----------
	Total Cost: 		8901.64
	Query Degree:		1


                  Rows 
               Rows Actual
                 RETURN
                 (   1)
                  Cost 
                   I/O 
                   |
                 224641 
                  12118 
                 HSJOIN^
                 (   2)
                 8901.64 
                   NA 
           /-------+-------\
        73049               12196 
        73049               12335 
       TBSCAN              FETCH 
       (   3)              (   4)
       2579.98             5341.96 
         NA                  NA 
         |               /---+----\
        73049         36884       100000 
         NA           36883         NA 
 DP-TABLE: TPCDS     IXSCAN   TABLE: TPCDS   
      DATE_DIM2      (   5)      CUSTOMER
         Q1          2654.48        Q2
                       NA 
                       |
                     100000 
                       NA 
                 INDEX: SYSIBM  
               SQL240509064036190
                       Q2


Operator Symbols :
------------------

   Symbol      Description
   ---------   ------------------------------------------
   >JOIN     : Left outer join
    JOIN<    : Right outer join
   >JOIN<    : Full outer join
   xJOIN     : Left antijoin
    JOINx    : Right antijoin
   ^JOIN     : Left early out
    JOIN^    : Right early out


Extended Diagnostic Information:
--------------------------------

No extended Diagnostic Information for this statement.


Plan Details:
-------------


	1) RETURN: (Return Result)
		Cumulative Total Cost: 		8901.64
		Cumulative First Row Cost: 	8901.64
		Estimated Bufferpool Buffers: 	656

		Arguments:
		---------
		BLDLEVEL: (Build level)
			DB2 v12.1.0.0 : z2212010100
		ENVVAR  : (Environment Variable)
			DB2_SELECTIVITY=MODEL_JOIN_CARD ON
		EXECUTID: (Executable ID)
			0100000000000000954E00000000000000000000020020240530083251636878
		HEAPUSE : (Maximum Statement Heap Usage)
			128 Pages
		PLANID  : (Access plan identifier)
			073b0d3337ddb6d3
		SEMEVID : (Semantic environment identifier)
			0000000000000001
		STMTHEAP: (Statement heap size)
			8192
		STMTID  : (Normalized statement identifier)
			d4a0cc0d86c4f2b6
		TENANTID: (Compiled In Tenant ID)
			0
		TENANTNM: (Compiled In Tenant Name)
			SYSTEM

		Input Streams:
		-------------
			7) From Operator #2

				Estimated number of rows: 	224641
				Actual number of rows: 		12118


	2) HSJOIN: (Hash Join)
		Cumulative Total Cost: 		8901.64
		Cumulative First Row Cost: 	8901.64
		Estimated Bufferpool Buffers: 	656

		Arguments:
		---------
		BITFLTR : (Hash Join Bit Filter used)
			FALSE
		EARLYOUT: (Early Out flag)
			RIGHT
		HASHCODE: (Hash Code Size)
			24 BIT
		TEMPSIZE: (Temporary Table Page Size)
			16384

		Predicates:
		----------
		2) Predicate used in Join, 
			Comparison Operator: 		Equal (=)
			Subquery Input Required: 	No
			Filter Factor: 				1.36894e-05

			Predicate Text:
			--------------
			(Q2.C_FIRST_SHIPTO_DATE_SK = Q1.D_DATE_SK)



		Input Streams:
		-------------
			2) From Operator #3

				Estimated number of rows: 	73049
				Actual number of rows: 		73049

			6) From Operator #4

				Estimated number of rows: 	12196
				Actual number of rows: 		12335


		Output Streams:
		--------------
			7) To Operator #1

				Estimated number of rows: 	224641
				Actual number of rows: 		12118


	3) TBSCAN: (Table Scan)
		Cumulative Total Cost: 		2579.98
		Cumulative First Row Cost: 	7.47432
		Estimated Bufferpool Buffers: 	656

		Arguments:
		---------
		CUR_COMM: (Currently Committed)
			TRUE
		DPESTFLG: (Number of data partitions accessed are Estimated)
			FALSE
		DPLSTPRT: (List of data partitions accessed)
			- (NULL).
		DPNUMPRT: (Number of data partitions accessed)
			9
		GLOBLOCK: (Global Lock intent)
			INTENT SHARE
		JN INPUT: (Join input leg)
			OUTER
		LCKAVOID: (Lock Avoidance)
			TRUE
		MAXPAGES: (Maximum pages for prefetch)
			ALL
		PREFETCH: (Type of Prefetch)
			SEQUENTIAL          
		ROWLOCK : (Row Lock intent)
			SHARE (CS/RS)
		SCANDIR : (Scan Direction)
			FORWARD
		SKIP_INS: (Skip Inserted Rows)
			TRUE
		SPEED   : (Assumed speed of scan, in sharing structures)
			FAST
		TABLOCK : (Table Lock intent)
			INTENT SHARE
		TBISOLVL: (Table access Isolation Level)
			CURSOR STABILITY
		THROTTLE: (Scan may be throttled, for scan sharing)
			TRUE
		VISIBLE : (May be included in scan sharing structures)
			TRUE
		WRAPPING: (Scan may start anywhere and wrap)
			TRUE

		Input Streams:
		-------------
			1) From Object TPCDS.DATE_DIM2

				Estimated number of rows: 	73049

				Column Names:
				------------
				+Q1.$RID$+Q1.D_MONTH_SEQ+Q1.D_DATE_SK


		Output Streams:
		--------------
			2) To Operator #2

				Estimated number of rows: 	73049
				Actual number of rows: 		73049


	4) FETCH : (Fetch)
		Cumulative Total Cost: 		5341.96
		Cumulative First Row Cost: 	16.7548
		Estimated Bufferpool Buffers: 	566

		Arguments:
		---------
		CUR_COMM: (Currently Committed)
			TRUE
		JN INPUT: (Join input leg)
			INNER
		LCKAVOID: (Lock Avoidance)
			TRUE
		MAXPAGES: (Maximum pages for prefetch)
			512
		PREFETCH: (Type of Prefetch)
			READAHEAD           
		ROWLOCK : (Row Lock intent)
			SHARE (CS/RS)
		SKIP_INS: (Skip Inserted Rows)
			TRUE
		SPEED   : (Assumed speed of scan, in sharing structures)
			SLOW
		TABLOCK : (Table Lock intent)
			INTENT SHARE
		TBISOLVL: (Table access Isolation Level)
			CURSOR STABILITY
		THROTTLE: (Scan may be throttled, for scan sharing)
			FALSE
		VISIBLE : (May be included in scan sharing structures)
			FALSE
		WRAPPING: (Scan may start anywhere and wrap)
			FALSE

		Predicates:
		----------
		3) Sargable Predicate, 
			Comparison Operator: 		Less Than or Equal (<=)
			Subquery Input Required: 	No
			Filter Factor: 				0.330658

			Predicate Text:
			--------------
			(1969 <= Q2.C_BIRTH_YEAR)



		Input Streams:
		-------------
			4) From Operator #5

				Estimated number of rows: 	36884
				Actual number of rows: 		36883

			5) From Object TPCDS.CUSTOMER

				Estimated number of rows: 	100000

				Column Names:
				------------
				+Q2.C_CURRENT_CDEMO_SK+Q2.C_BIRTH_YEAR
				+Q2.C_FIRST_SHIPTO_DATE_SK


		Output Streams:
		--------------
			6) To Operator #2

				Estimated number of rows: 	12196
				Actual number of rows: 		12335


	5) IXSCAN: (Index Scan)
		Cumulative Total Cost: 		2654.48
		Cumulative First Row Cost: 	9.00332
		Estimated Bufferpool Buffers: 	53

		Arguments:
		---------
		CUR_COMM: (Currently Committed)
			TRUE
		LCKAVOID: (Lock Avoidance)
			TRUE
		MAXPAGES: (Maximum pages for prefetch)
			37
		PREFETCH: (Type of Prefetch)
			READAHEAD           
		ROWLOCK : (Row Lock intent)
			SHARE (CS/RS)
		SCANDIR : (Scan Direction)
			FORWARD
		SKIP_INS: (Skip Inserted Rows)
			TRUE
		TABLOCK : (Table Lock intent)
			INTENT SHARE
		TBISOLVL: (Table access Isolation Level)
			CURSOR STABILITY

		Predicates:
		----------
		4) Stop Key Predicate, 
			Comparison Operator: 		Less Than or Equal (<=)
			Subquery Input Required: 	No
			Filter Factor: 				0.36884

			Predicate Text:
			--------------
			(Q2.C_CUSTOMER_SK <= 36883)



		Input Streams:
		-------------
			3) From Object SYSIBM.SQL240509064036190

				Estimated number of rows: 	100000

				Column Names:
				------------
				+Q2.C_CUSTOMER_SK(A)+Q2.$RID$


		Output Streams:
		--------------
			4) To Operator #4

				Estimated number of rows: 	36884
				Actual number of rows: 		36883


Objects Used in Access Plan:
---------------------------

	Schema:   TPCDS   
	Name:     DATE_DIM2
	Type:     Data Partitioned Table
			Last statistics update: 	2024-05-30-07.28.51.002480
			Number of rows: 		73049
			Number of buffer pool pages: 	656
			Distinct row values: 		No
			Tablespace name: 		<VARIOUS>
			Tablespace overhead: 		6.725000
			Tablespace transfer rate: 	0.160000
			Prefetch page count: 		32
			Container extent page count: 	32
			Table overflow record count: 	0
			Table Active Blocks: 		-1
			Average Row Compression Ratio: 	0
			Percentage Rows Compressed: 	0
			Average Compressed Row Size: 	0

	Schema:   SYSIBM  
	Name:     SQL240509064036190
	Type:     Index
			Last statistics update: 	2024-05-30-07.24.48.704751
			Number of rows: 		100000
			Number of buffer pool pages: 	1390
			Distinct row values: 		Yes
			Tablespace name: 		TS_PD_INDX_001
			Tablespace overhead: 		6.725000
			Tablespace transfer rate: 	0.160000
			Prefetch page count: 		32
			Container extent page count: 	32
			Index clustering statistic: 	1.000000
			Index leaf pages: 		103
			Index tree levels: 		2
			Index full key cardinality: 	100000
			Base Table Schema: 		TPCDS   
			Base Table Name: 		CUSTOMER
			Columns in index:
				C_CUSTOMER_SK(A)
			Null keys: 			Yes

	Schema:   TPCDS   
	Name:     CUSTOMER
	Type:     Table
			Last statistics update: 	2024-05-30-07.24.48.704751
			Number of rows: 		100000
			Number of buffer pool pages: 	1390
			Distinct row values: 		No
			Tablespace name: 		TS_PD_DATA_001
			Tablespace overhead: 		6.725000
			Tablespace transfer rate: 	0.160000
			Prefetch page count: 		32
			Container extent page count: 	32
			Table overflow record count: 	0
			Table Active Blocks: 		-1
			Average Row Compression Ratio: 	0
			Percentage Rows Compressed: 	0
			Average Compressed Row Size: 	0

Runtime statistics for objects Used in Access Plan:
-----------------------------------------------------

	Schema: TPCDS   
	Name: 	DATE_DIM2
	Type: 	Data Partitioned Table

			Member 0
			---------

				DataPartId 	Metrics
				---------- 	--------------------
				0          	rows_reads:35793
				           	object_data_l_reads:315
				           	object_data_lbp_pages_found:315
				           	object_data_gbp_indep_pages_found_in_lbp:315
				           	object_data_caching_tier_gbp_indep_pages_found:315
				1          	rows_reads:365
				           	object_data_l_reads:5
				           	object_data_lbp_pages_found:5
				           	object_data_gbp_indep_pages_found_in_lbp:5
				           	object_data_caching_tier_gbp_indep_pages_found:5
				2          	rows_reads:365
				           	object_data_l_reads:5
				           	object_data_lbp_pages_found:5
				           	object_data_gbp_indep_pages_found_in_lbp:5
				           	object_data_caching_tier_gbp_indep_pages_found:5
				3          	rows_reads:366
				           	object_data_l_reads:5
				           	object_data_lbp_pages_found:5
				           	object_data_gbp_indep_pages_found_in_lbp:5
				           	object_data_caching_tier_gbp_indep_pages_found:5
				4          	rows_reads:365
				           	object_data_l_reads:5
				           	object_data_lbp_pages_found:5
				           	object_data_gbp_indep_pages_found_in_lbp:5
				           	object_data_caching_tier_gbp_indep_pages_found:5
				5          	rows_reads:365
				           	object_data_l_reads:5
				           	object_data_lbp_pages_found:5
				           	object_data_gbp_indep_pages_found_in_lbp:5
				           	object_data_caching_tier_gbp_indep_pages_found:5
				6          	rows_reads:365
				           	object_data_l_reads:5
				           	object_data_lbp_pages_found:5
				           	object_data_gbp_indep_pages_found_in_lbp:5
				           	object_data_caching_tier_gbp_indep_pages_found:5
				7          	rows_reads:366
				           	object_data_l_reads:5
				           	object_data_lbp_pages_found:5
				           	object_data_gbp_indep_pages_found_in_lbp:5
				           	object_data_caching_tier_gbp_indep_pages_found:5
				8          	rows_reads:34699
				           	object_data_l_reads:306
				           	object_data_lbp_pages_found:306
				           	object_data_gbp_indep_pages_found_in_lbp:306
				           	object_data_caching_tier_gbp_indep_pages_found:306

	Schema: SYSIBM  
	Name: 	SQL240509064036190
	Type: 	Index

			Member 0
			---------

				Metrics
				--------------------
				object_index_l_reads:40
				object_index_p_reads:5
				object_index_lbp_pages_found:35
				object_index_gbp_indep_pages_found_in_lbp:35

	Schema: TPCDS   
	Name: 	CUSTOMER
	Type: 	Table

			Member 0
			---------

				Metrics
				--------------------
				rows_reads:36883
				object_data_l_reads:513
				object_data_lbp_pages_found:513
				object_data_gbp_indep_pages_found_in_lbp:513
				object_data_caching_tier_gbp_indep_pages_found:513

